Archive member included to satisfy reference by file (symbol)

C:/ST/STM32CubeIDE_1.18.0/STM32CubeIDE/plugins/com.st.stm32cube.ide.mcu.externaltools.gnu-tools-for-stm32.13.3.rel1.win32_1.0.0.202411081344/tools/bin/../lib/gcc/arm-none-eabi/13.3.1/../../../../arm-none-eabi/lib/thumb/v6-m/nofp\libc_nano.a(libc_a-exit.o)
                              C:/ST/STM32CubeIDE_1.18.0/STM32CubeIDE/plugins/com.st.stm32cube.ide.mcu.externaltools.gnu-tools-for-stm32.13.3.rel1.win32_1.0.0.202411081344/tools/bin/../lib/gcc/arm-none-eabi/13.3.1/../../../../arm-none-eabi/lib/thumb/v6-m/nofp/crt0.o (exit)
C:/ST/STM32CubeIDE_1.18.0/STM32CubeIDE/plugins/com.st.stm32cube.ide.mcu.externaltools.gnu-tools-for-stm32.13.3.rel1.win32_1.0.0.202411081344/tools/bin/../lib/gcc/arm-none-eabi/13.3.1/../../../../arm-none-eabi/lib/thumb/v6-m/nofp\libc_nano.a(libc_a-findfp.o)
                              C:/ST/STM32CubeIDE_1.18.0/STM32CubeIDE/plugins/com.st.stm32cube.ide.mcu.externaltools.gnu-tools-for-stm32.13.3.rel1.win32_1.0.0.202411081344/tools/bin/../lib/gcc/arm-none-eabi/13.3.1/../../../../arm-none-eabi/lib/thumb/v6-m/nofp\libc_nano.a(libc_a-exit.o) (__stdio_exit_handler)
C:/ST/STM32CubeIDE_1.18.0/STM32CubeIDE/plugins/com.st.stm32cube.ide.mcu.externaltools.gnu-tools-for-stm32.13.3.rel1.win32_1.0.0.202411081344/tools/bin/../lib/gcc/arm-none-eabi/13.3.1/../../../../arm-none-eabi/lib/thumb/v6-m/nofp\libc_nano.a(libc_a-fwalk.o)
                              C:/ST/STM32CubeIDE_1.18.0/STM32CubeIDE/plugins/com.st.stm32cube.ide.mcu.externaltools.gnu-tools-for-stm32.13.3.rel1.win32_1.0.0.202411081344/tools/bin/../lib/gcc/arm-none-eabi/13.3.1/../../../../arm-none-eabi/lib/thumb/v6-m/nofp\libc_nano.a(libc_a-findfp.o) (_fwalk_sglue)
C:/ST/STM32CubeIDE_1.18.0/STM32CubeIDE/plugins/com.st.stm32cube.ide.mcu.externaltools.gnu-tools-for-stm32.13.3.rel1.win32_1.0.0.202411081344/tools/bin/../lib/gcc/arm-none-eabi/13.3.1/../../../../arm-none-eabi/lib/thumb/v6-m/nofp\libc_nano.a(libc_a-stdio.o)
                              C:/ST/STM32CubeIDE_1.18.0/STM32CubeIDE/plugins/com.st.stm32cube.ide.mcu.externaltools.gnu-tools-for-stm32.13.3.rel1.win32_1.0.0.202411081344/tools/bin/../lib/gcc/arm-none-eabi/13.3.1/../../../../arm-none-eabi/lib/thumb/v6-m/nofp\libc_nano.a(libc_a-findfp.o) (__sread)
C:/ST/STM32CubeIDE_1.18.0/STM32CubeIDE/plugins/com.st.stm32cube.ide.mcu.externaltools.gnu-tools-for-stm32.13.3.rel1.win32_1.0.0.202411081344/tools/bin/../lib/gcc/arm-none-eabi/13.3.1/../../../../arm-none-eabi/lib/thumb/v6-m/nofp\libc_nano.a(libc_a-memset.o)
                              C:/ST/STM32CubeIDE_1.18.0/STM32CubeIDE/plugins/com.st.stm32cube.ide.mcu.externaltools.gnu-tools-for-stm32.13.3.rel1.win32_1.0.0.202411081344/tools/bin/../lib/gcc/arm-none-eabi/13.3.1/../../../../arm-none-eabi/lib/thumb/v6-m/nofp/crt0.o (memset)
C:/ST/STM32CubeIDE_1.18.0/STM32CubeIDE/plugins/com.st.stm32cube.ide.mcu.externaltools.gnu-tools-for-stm32.13.3.rel1.win32_1.0.0.202411081344/tools/bin/../lib/gcc/arm-none-eabi/13.3.1/../../../../arm-none-eabi/lib/thumb/v6-m/nofp\libc_nano.a(libc_a-closer.o)
                              C:/ST/STM32CubeIDE_1.18.0/STM32CubeIDE/plugins/com.st.stm32cube.ide.mcu.externaltools.gnu-tools-for-stm32.13.3.rel1.win32_1.0.0.202411081344/tools/bin/../lib/gcc/arm-none-eabi/13.3.1/../../../../arm-none-eabi/lib/thumb/v6-m/nofp\libc_nano.a(libc_a-stdio.o) (_close_r)
C:/ST/STM32CubeIDE_1.18.0/STM32CubeIDE/plugins/com.st.stm32cube.ide.mcu.externaltools.gnu-tools-for-stm32.13.3.rel1.win32_1.0.0.202411081344/tools/bin/../lib/gcc/arm-none-eabi/13.3.1/../../../../arm-none-eabi/lib/thumb/v6-m/nofp\libc_nano.a(libc_a-reent.o)
                              C:/ST/STM32CubeIDE_1.18.0/STM32CubeIDE/plugins/com.st.stm32cube.ide.mcu.externaltools.gnu-tools-for-stm32.13.3.rel1.win32_1.0.0.202411081344/tools/bin/../lib/gcc/arm-none-eabi/13.3.1/../../../../arm-none-eabi/lib/thumb/v6-m/nofp\libc_nano.a(libc_a-closer.o) (errno)
C:/ST/STM32CubeIDE_1.18.0/STM32CubeIDE/plugins/com.st.stm32cube.ide.mcu.externaltools.gnu-tools-for-stm32.13.3.rel1.win32_1.0.0.202411081344/tools/bin/../lib/gcc/arm-none-eabi/13.3.1/../../../../arm-none-eabi/lib/thumb/v6-m/nofp\libc_nano.a(libc_a-impure.o)
                              C:/ST/STM32CubeIDE_1.18.0/STM32CubeIDE/plugins/com.st.stm32cube.ide.mcu.externaltools.gnu-tools-for-stm32.13.3.rel1.win32_1.0.0.202411081344/tools/bin/../lib/gcc/arm-none-eabi/13.3.1/../../../../arm-none-eabi/lib/thumb/v6-m/nofp\libc_nano.a(libc_a-reent.o) (_impure_ptr)
C:/ST/STM32CubeIDE_1.18.0/STM32CubeIDE/plugins/com.st.stm32cube.ide.mcu.externaltools.gnu-tools-for-stm32.13.3.rel1.win32_1.0.0.202411081344/tools/bin/../lib/gcc/arm-none-eabi/13.3.1/../../../../arm-none-eabi/lib/thumb/v6-m/nofp\libc_nano.a(libc_a-lseekr.o)
[...]
Memory Configuration

Name             Origin             Length             Attributes
RAM              0x20000000         0x00002000         xrw
FLASH            0x08000000         0x00010000         xr
*default*        0x00000000         0xffffffff

Linker script and memory map

LOAD C:/ST/STM32CubeIDE_1.18.0/STM32CubeIDE/plugins/com.st.stm32cube.ide.mcu.externaltools.gnu-tools-for-stm32.13.3.rel1.win32_1.0.0.202411081344/tools/bin/../lib/gcc/arm-none-eabi/13.3.1/thumb/v6-m/nofp/crti.o
LOAD C:/ST/STM32CubeIDE_1.18.0/STM32CubeIDE/plugins/com.st.stm32cube.ide.mcu.externaltools.gnu-tools-for-stm32.13.3.rel1.win32_1.0.0.202411081344/tools/bin/../lib/gcc/arm-none-eabi/13.3.1/thumb/v6-m/nofp/crtbegin.o
LOAD C:/ST/STM32CubeIDE_1.18.0/STM32CubeIDE/plugins/com.st.stm32cube.ide.mcu.externaltools.gnu-tools-for-stm32.13.3.rel1.win32_1.0.0.202411081344/tools/bin/../lib/gcc/arm-none-eabi/13.3.1/../../../../arm-none-eabi/lib/thumb/v6-m/nofp/crt0.o
LOAD ./Src/amr_mode.o
LOAD ./Src/bluetooth.o
LOAD ./Src/encoders.o
LOAD ./Src/esp32_com.o
LOAD ./Src/i2c_color_imu.o
LOAD ./Src/line_follow.o
LOAD ./Src/main.o
LOAD ./Src/motor_pwm.o
LOAD ./Src/odometry.o
LOAD ./Src/pid_diff_drive.o
LOAD ./Src/syscalls.o
LOAD ./Src/sysmem.o
LOAD ./Src/ultrasonic.o
LOAD ./Startup/startup_stm32f051r8tx.o
START GROUP
LOAD C:/ST/STM32CubeIDE_1.18.0/STM32CubeIDE/plugins/com.st.stm32cube.ide.mcu.externaltools.gnu-tools-for-stm32.13.3.rel1.win32_1.0.0.202411081344/tools/bin/../lib/gcc/arm-none-eabi/13.3.1/../../../../arm-none-eabi/lib/thumb/v6-m/nofp\libc_nano.a
LOAD C:/ST/STM32CubeIDE_1.18.0/STM32CubeIDE/plugins/com.st.stm32cube.ide.mcu.externaltools.gnu-tools-for-stm32.13.3.rel1.win32_1.0.0.202411081344/tools/bin/../lib/gcc/arm-none-eabi/13.3.1/../../../../arm-none-eabi/lib/thumb/v6-m/nofp\libm.a
END GROUP
START GROUP
LOAD C:/ST/STM32CubeIDE_1.18.0/STM32CubeIDE/plugins/com.st.stm32cube.ide.mcu.externaltools.gnu-tools-for-stm32.13.3.rel1.win32_1.0.0.202411081344/tools/bin/../lib/gcc/arm-none-eabi/13.3.1/thumb/v6-m/nofp\libgcc.a
LOAD C:/ST/STM32CubeIDE_1.18.0/STM32CubeIDE/plugins/com.st.stm32cube.ide.mcu.externaltools.gnu-tools-for-stm32.13.3.rel1.win32_1.0.0.202411081344/tools/bin/../lib/gcc/arm-none-eabi/13.3.1/../../../../arm-none-eabi/lib/thumb/v6-m/nofp\libc_nano.a
END GROUP
START GROUP
LOAD C:/ST/STM32CubeIDE_1.18.0/STM32CubeIDE/plugins/com.st.stm32cube.ide.mcu.externaltools.gnu-tools-for-stm32.13.3.rel1.win32_1.0.0.202411081344/tools/bin/../lib/gcc/arm-none-eabi/13.3.1/thumb/v6-m/nofp\libgcc.a
LOAD C:/ST/STM32CubeIDE_1.18.0/STM32CubeIDE/plugins/com.st.stm32cube.ide.mcu.externaltools.gnu-tools-for-stm32.13.3.rel1.win32_1.0.0.202411081344/tools/bin/../lib/gcc/arm-none-eabi/13.3.1/../../../../arm-none-eabi/lib/thumb/v6-m/nofp\libc_nano.a
LOAD C:/ST/STM32CubeIDE_1.18.0/STM32CubeIDE/plugins/com.st.stm32cube.ide.mcu.externaltools.gnu-tools-for-stm32.13.3.rel1.win32_1.0.0.202411081344/tools/bin/../lib/gcc/arm-none-eabi/13.3.1/../../../../arm-none-eabi/lib/thumb/v6-m/nofp\libnosys.a
END GROUP
START GROUP
LOAD C:/ST/STM32CubeIDE_1.18.0/STM32CubeIDE/plugins/com.st.stm32cube.ide.mcu.externaltools.gnu-tools-for-stm32.13.3.rel1.win32_1.0.0.202411081344/tools/bin/../lib/gcc/arm-none-eabi/13.3.1/thumb/v6-m/nofp\libgcc.a
LOAD C:/ST/STM32CubeIDE_1.18.0/STM32CubeIDE/plugins/com.st.stm32cube.ide.mcu.externaltools.gnu-tools-for-stm32.13.3.rel1.win32_1.0.0.202411081344/tools/bin/../lib/gcc/arm-none-eabi/13.3.1/../../../../arm-none-eabi/lib/thumb/v6-m/nofp\libc_nano.a
LOAD C:/ST/STM32CubeIDE_1.18.0/STM32CubeIDE/plugins/com.st.stm32cube.ide.mcu.externaltools.gnu-tools-for-stm32.13.3.rel1.win32_1.0.0.202411081344/tools/bin/../lib/gcc/arm-none-eabi/13.3.1/../../../../arm-none-eabi/lib/thumb/v6-m/nofp\libnosys.a
END GROUP
LOAD C:/ST/STM32CubeIDE_1.18.0/STM32CubeIDE/plugins/com.st.stm32cube.ide.mcu.externaltools.gnu-tools-for-stm32.13.3.rel1.win32_1.0.0.202411081344/tools/bin/../lib/gcc/arm-none-eabi/13.3.1/thumb/v6-m/nofp/crtend.o
LOAD C:/ST/STM32CubeIDE_1.18.0/STM32CubeIDE/plugins/com.st.stm32cube.ide.mcu.externaltools.gnu-tools-for-stm32.13.3.rel1.win32_1.0.0.202411081344/tools/bin/../lib/gcc/arm-none-eabi/13.3.1/thumb/v6-m/nofp/crtn.o
                0x20002000                        _estack = (ORIGIN (RAM) + LENGTH (RAM))
                0x00000200                        _Min_Heap_Size = 0x200
                0x00000400                        _Min_Stack_Size = 0x400

.isr_vector     0x08000000       0xc0
                0x08000000                        . = ALIGN (0x4)
 *(.isr_vector)
 .isr_vector    0x08000000       0xc0 ./Startup/startup_stm32f051r8tx.o
                0x08000000                g_pfnVectors
                0x080000c0                        . = ALIGN (0x4)

.text           0x080000c0     0x66ec
                0x080000c0                        . = ALIGN (0x4)
 *(.text)
 .text          0x080000c0       0x48 C:/ST/STM32CubeIDE_1.18.0/STM32CubeIDE/plugins/com.st.stm32cube.ide.mcu.externaltools.gnu-tools-for-stm32.13.3.rel1.win32_1.0.0.202411081344/tools/bin/../lib/gcc/arm-none-eabi/13.3.1/thumb/v6-m/nofp/crtbegin.o
 .text          0x08000108      0x114 C:/ST/STM32CubeIDE_1.18.0/STM32CubeIDE/plugins/com.st.stm32cube.ide.mcu.externaltools.gnu-tools-for-stm32.13.3.rel1.win32_1.0.0.202411081344/tools/bin/../lib/gcc/arm-none-eabi/13.3.1/thumb/v6-m/nofp\libgcc.a(_udivsi3.o)
                0x08000108                __aeabi_uidiv
                0x08000108                __udivsi3
                0x08000214                __aeabi_uidivmod
 .text          0x0800021c      0x1d4 C:/ST/STM32CubeIDE_1.18.0/STM32CubeIDE/plugins/com.st.stm32cube.ide.mcu.externaltools.gnu-tools-for-stm32.13.3.rel1.win32_1.0.0.202411081344/tools/bin/../lib/gcc/arm-none-eabi/13.3.1/thumb/v6-m/nofp\libgcc.a(_divsi3.o)
                0x0800021c                __divsi3
                0x0800021c                __aeabi_idiv
                0x080003e8                __aeabi_idivmod
 .text          0x080003f0        0x4 C:/ST/STM32CubeIDE_1.18.0/STM32CubeIDE/plugins/com.st.stm32cube.ide.mcu.externaltools.gnu-tools-for-stm32.13.3.rel1.win32_1.0.0.202411081344/tools/bin/../lib/gcc/arm-none-eabi/13.3.1/thumb/v6-m/nofp\libgcc.a(_dvmd_tls.o)
                0x080003f0                __aeabi_idiv0
                0x080003f0                __aeabi_ldiv0
 .text          0x080003f4       0x74 C:/ST/STM32CubeIDE_1.18.0/STM32CubeIDE/plugins/com.st.stm32cube.ide.mcu.externaltools.gnu-tools-for-stm32.13.3.rel1.win32_1.0.0.202411081344/tools/bin/../lib/gcc/arm-none-eabi/13.3.1/thumb/v6-m/nofp\libgcc.a(_arm_cmpsf2.o)
                0x080003f4                __aeabi_cfrcmple
                0x080003fc                __aeabi_cfcmpeq
                0x080003fc                __aeabi_cfcmple
                0x0800040c                __aeabi_fcmpeq
                0x08000418                __aeabi_fcmplt
                0x0800042c                __aeabi_fcmple
                0x08000440                __aeabi_fcmpgt
                0x08000454                __aeabi_fcmpge
 .text          0x08000468       0x30 C:/ST/STM32CubeIDE_1.18.0/STM32CubeIDE/plugins/com.st.stm32cube.ide.mcu.externaltools.gnu-tools-for-stm32.13.3.rel1.win32_1.0.0.202411081344/tools/bin/../lib/gcc/arm-none-eabi/13.3.1/thumb/v6-m/nofp\libgcc.a(_fixunssfsi.o)
                0x08000468                __fixunssfsi
                0x08000468                __aeabi_f2uiz
 .text          0x08000498      0x3e4 C:/ST/STM32CubeIDE_1.18.0/STM32CubeIDE/plugins/com.st.stm32cube.ide.mcu.externaltools.gnu-tools-for-stm32.13.3.rel1.win32_1.0.0.202411081344/tools/bin/../lib/gcc/arm-none-eabi/13.3.1/thumb/v6-m/nofp\libgcc.a(addsf3.o)
                0x08000498                __aeabi_fadd
 .text          0x0800087c      0x22c C:/ST/STM32CubeIDE_1.18.0/STM32CubeIDE/plugins/com.st.stm32cube.ide.mcu.externaltools.gnu-tools-for-stm32.13.3.rel1.win32_1.0.0.202411081344/tools/bin/../lib/gcc/arm-none-eabi/13.3.1/thumb/v6-m/nofp\libgcc.a(divsf3.o)
                0x0800087c                __aeabi_fdiv
 .text          0x08000aa8       0x50 C:/ST/STM32CubeIDE_1.18.0/STM32CubeIDE/plugins/com.st.stm32cube.ide.mcu.externaltools.gnu-tools-for-stm32.13.3.rel1.win32_1.0.0.202411081344/tools/bin/../lib/gcc/arm-none-eabi/13.3.1/thumb/v6-m/nofp\libgcc.a(eqsf2.o)
                0x08000aa8                __eqsf2
                0x08000aa8                __nesf2
 .text          0x08000af8       0x90 C:/ST/STM32CubeIDE_1.18.0/STM32CubeIDE/plugins/com.st.stm32cube.ide.mcu.externaltools.gnu-tools-for-stm32.13.3.rel1.win32_1.0.0.202411081344/tools/bin/../lib/gcc/arm-none-eabi/13.3.1/thumb/v6-m/nofp\libgcc.a(gesf2.o)
                0x08000af8                __gesf2
                0x08000af8                __gtsf2
 .text          0x08000b88       0x90 C:/ST/STM32CubeIDE_1.18.0/STM32CubeIDE/plugins/com.st.stm32cube.ide.mcu.externaltools.gnu-tools-for-stm32.13.3.rel1.win32_1.0.0.202411081344/tools/bin/../lib/gcc/arm-none-eabi/13.3.1/thumb/v6-m/nofp\libgcc.a(lesf2.o)
                0x08000b88                __ltsf2
                0x08000b88                __lesf2
 .text          0x08000c18      0x2b4 C:/ST/STM32CubeIDE_1.18.0/STM32CubeIDE/plugins/com.st.stm32cube.ide.mcu.externaltools.gnu-tools-for-stm32.13.3.rel1.win32_1.0.0.202411081344/tools/bin/../lib/gcc/arm-none-eabi/13.3.1/thumb/v6-m/nofp\libgcc.a(mulsf3.o)
                0x08000c18                __aeabi_fmul
 .text          0x08000ecc      0x4c8 C:/ST/STM32CubeIDE_1.18.0/STM32CubeIDE/plugins/com.st.stm32cube.ide.mcu.externaltools.gnu-tools-for-stm32.13.3.rel1.win32_1.0.0.202411081344/tools/bin/../lib/gcc/arm-none-eabi/13.3.1/thumb/v6-m/nofp\libgcc.a(subsf3.o)
                0x08000ecc                __aeabi_fsub
 .text          0x08001394       0x2c C:/ST/STM32CubeIDE_1.18.0/STM32CubeIDE/plugins/com.st.stm32cube.ide.mcu.externaltools.gnu-tools-for-stm32.13.3.rel1.win32_1.0.0.202411081344/tools/bin/../lib/gcc/arm-none-eabi/13.3.1/thumb/v6-m/nofp\libgcc.a(unordsf2.o)
                0x08001394                __aeabi_fcmpun
 .text          0x080013c0       0x40 C:/ST/STM32CubeIDE_1.18.0/STM32CubeIDE/plugins/com.st.stm32cube.ide.mcu.externaltools.gnu-tools-for-stm32.13.3.rel1.win32_1.0.0.202411081344/tools/bin/../lib/gcc/arm-none-eabi/13.3.1/thumb/v6-m/nofp\libgcc.a(fixsfsi.o)
                0x080013c0                __aeabi_f2iz
 .text          0x08001400       0xa0 C:/ST/STM32CubeIDE_1.18.0/STM32CubeIDE/plugins/com.st.stm32cube.ide.mcu.externaltools.gnu-tools-for-stm32.13.3.rel1.win32_1.0.0.202411081344/tools/bin/../lib/gcc/arm-none-eabi/13.3.1/thumb/v6-m/nofp\libgcc.a(floatsisf.o)
                0x08001400                __aeabi_i2f
 .text          0x080014a0       0x8c C:/ST/STM32CubeIDE_1.18.0/STM32CubeIDE/plugins/com.st.stm32cube.ide.mcu.externaltools.gnu-tools-for-stm32.13.3.rel1.win32_1.0.0.202411081344/tools/bin/../lib/gcc/arm-none-eabi/13.3.1/thumb/v6-m/nofp\libgcc.a(floatunsisf.o)
                0x080014a0                __aeabi_ui2f
 .text          0x0800152c       0x3c C:/ST/STM32CubeIDE_1.18.0/STM32CubeIDE/plugins/com.st.stm32cube.ide.mcu.externaltools.gnu-tools-for-stm32.13.3.rel1.win32_1.0.0.202411081344/tools/bin/../lib/gcc/arm-none-eabi/13.3.1/thumb/v6-m/nofp\libgcc.a(_clzsi2.o)
                0x0800152c                __clzsi2
 *(.text*)
 .text.mm_to_m  0x08001568       0x30 ./Src/amr_mode.o
 .text.point_x_m
                0x08001598       0x2c ./Src/amr_mode.o
 .text.point_y_m
                0x080015c4       0x2c ./Src/amr_mode.o
 .text.norm_deg
                0x080015f0       0x54 ./Src/amr_mode.o
 .text.dist2d   0x08001644       0x56 ./Src/amr_mode.o
 *fill*         0x0800169a        0x2 
 .text.angle_from_pose_to_point_deg
                0x0800169c       0x58 ./Src/amr_mode.o
 .text.apply_drive_refs
                0x080016f4       0x24 ./Src/amr_mode.o
 .text.resetAMR
                0x08001718       0x58 ./Src/amr_mode.o
                0x08001718                resetAMR
 .text.AMR_Stop
                0x08001770        0xe ./Src/amr_mode.o
                0x08001770                AMR_Stop
 *fill*         0x0800177e        0x2 
 .text.AMR_Start
                0x08001780       0x4c ./Src/amr_mode.o
                0x08001780                AMR_Start
 .text.AMR_Init
                0x080017cc       0x50 ./Src/amr_mode.o
                0x080017cc                AMR_Init
 .text.AMR_Update
                0x0800181c      0x8fc ./Src/amr_mode.o
                0x0800181c                AMR_Update
 .text.__NVIC_EnableIRQ
                0x08002118       0x34 ./Src/bluetooth.o
 .text.USART2_Init
                0x0800214c       0x84 ./Src/bluetooth.o
                0x0800214c                USART2_Init
 .text.USART2_IRQHandler
                0x080021d0      0x114 ./Src/bluetooth.o
                0x080021d0                USART2_IRQHandler
 .text.USART2_send
                0x080022e4       0x30 ./Src/bluetooth.o
                0x080022e4                USART2_send
 .text.BT_SendTelemetry
                0x08002314       0xd4 ./Src/bluetooth.o
                0x08002314                BT_SendTelemetry
 .text.__NVIC_EnableIRQ
                0x080023e8       0x34 ./Src/encoders.o
 .text.init_GPIO_EXTI_encoders
                0x0800241c       0xcc ./Src/encoders.o
                0x0800241c                init_GPIO_EXTI_encoders
 .text.update_encoder
                0x080024e8       0xb8 ./Src/encoders.o
                0x080024e8                update_encoder
 .text.velocidad_encoder
                0x080025a0      0x140 ./Src/encoders.o
                0x080025a0                velocidad_encoder
 .text.__NVIC_EnableIRQ
                0x080026e0       0x34 ./Src/esp32_com.o
 .text.USART1_Init
                0x08002714       0xb0 ./Src/esp32_com.o
                0x08002714                USART1_Init
 .text.USART1_send
                0x080027c4       0x2c ./Src/esp32_com.o
                0x080027c4                USART1_send
 .text.USART1_IRQHandler
                0x080027f0      0x1b8 ./Src/esp32_com.o
                0x080027f0                USART1_IRQHandler
 .text.processPoint
                0x080029a8       0x74 ./Src/esp32_com.o
                0x080029a8                processPoint
 .text.resetPath
                0x08002a1c       0x54 ./Src/esp32_com.o
                0x08002a1c                resetPath
 .text.i2c1_init
                0x08002a70       0xc0 ./Src/i2c_color_imu.o
                0x08002a70                i2c1_init
 .text.i2c1_write
                0x08002b30       0x7c ./Src/i2c_color_imu.o
                0x08002b30                i2c1_write
 .text.i2c1_read_bytes
                0x08002bac       0xd0 ./Src/i2c_color_imu.o
                0x08002bac                i2c1_read_bytes
 .text.mpu6050_init
                0x08002c7c       0x3c ./Src/i2c_color_imu.o
                0x08002c7c                mpu6050_init
 .text.mpu6050_read_all
                0x08002cb8       0xc4 ./Src/i2c_color_imu.o
                0x08002cb8                mpu6050_read_all
 .text.TCS34725_ReadRGB
                0x08002d7c       0x98 ./Src/i2c_color_imu.o
                0x08002d7c                TCS34725_ReadRGB
 .text.calibrate_init
                0x08002e14      0x1a8 ./Src/i2c_color_imu.o
                0x08002e14                calibrate_init
 .text.compute_angles
                0x08002fbc      0x4c4 ./Src/i2c_color_imu.o
                0x08002fbc                compute_angles
 .text.imu_routine
                0x08003480       0x5c ./Src/i2c_color_imu.o
                0x08003480                imu_routine
 .text.color_detect_routine
                0x080034dc      0x1cc ./Src/i2c_color_imu.o
                0x080034dc                color_detect_routine
 .text.seguir   0x080036a8      0x190 ./Src/line_follow.o
                0x080036a8                seguir
 .text.Check_All_Sensors_Black
                0x08003838       0x60 ./Src/line_follow.o
                0x08003838                Check_All_Sensors_Black
 .text.SmoothStop
                0x08003898       0x78 ./Src/line_follow.o
                0x08003898                SmoothStop
 .text.Station_Color_Detect
                0x08003910       0xfc ./Src/line_follow.o
                0x08003910                Station_Color_Detect
 .text.station_wait_thing
                0x08003a0c       0xa0 ./Src/line_follow.o
                0x08003a0c                station_wait_thing
 .text.IR_Sensors_Init
                0x08003aac       0x48 ./Src/line_follow.o
                0x08003aac                IR_Sensors_Init
 .text.LineFollow
                0x08003af4      0x234 ./Src/line_follow.o
                0x08003af4                LineFollow
 .text.__NVIC_EnableIRQ
                0x08003d28       0x34 ./Src/main.o
 .text.__NVIC_SetPriority
                0x08003d5c       0xdc ./Src/main.o
 .text.main     0x08003e38       0xb0 ./Src/main.o
                0x08003e38                main
 .text.TIM14_Init
                0x08003ee8       0x58 ./Src/main.o
                0x08003ee8                TIM14_Init
 .text.TIM14_IRQHandler
                0x08003f40      0x248 ./Src/main.o
                0x08003f40                TIM14_IRQHandler
 .text.ManualDrive
                0x08004188       0xf4 ./Src/main.o
                0x08004188                ManualDrive
 .text.BT_process_data
                0x0800427c      0x1b0 ./Src/main.o
                0x0800427c                BT_process_data
 .text.init_emergency_buttons
                0x0800442c       0x3c ./Src/main.o
                0x0800442c                init_emergency_buttons
 .text.check_emergency_buttons
                0x08004468       0x28 ./Src/main.o
                0x08004468                check_emergency_buttons
 .text.emergency_stop
                0x08004490       0x2c ./Src/main.o
                0x08004490                emergency_stop
 .text.PC7_Button_Init
                0x080044bc       0x4c ./Src/main.o
                0x080044bc                PC7_Button_Init
 .text.PC7_Button_Check
                0x08004508       0x2c ./Src/main.o
                0x08004508                PC7_Button_Check
 .text.SelectManualLEDCommand
                0x08004534       0xb4 ./Src/main.o
                0x08004534                SelectManualLEDCommand
 .text.reset_references
                0x080045e8       0xa0 ./Src/main.o
                0x080045e8                reset_references
 .text.pwm_init
                0x08004688      0x168 ./Src/motor_pwm.o
                0x08004688                pwm_init
 .text.Odometry_Init
                0x080047f0       0x4c ./Src/odometry.o
                0x080047f0                Odometry_Init
 .text.Reset_x_y
                0x0800483c       0x60 ./Src/odometry.o
                0x0800483c                Reset_x_y
 .text.Odometry_Update
                0x0800489c      0x15c ./Src/odometry.o
                0x0800489c                Odometry_Update
 .text.PID_PWM  0x080049f8      0x468 ./Src/pid_diff_drive.o
                0x080049f8                PID_PWM
 .text.VW_DifferentialDrive
                0x08004e60       0xe4 ./Src/pid_diff_drive.o
                0x08004e60                VW_DifferentialDrive
 .text.hcsr04_read
                0x08004f44       0x2c ./Src/ultrasonic.o
                0x08004f44                hcsr04_read
 .text.TIM3_init
                0x08004f70       0x4c ./Src/ultrasonic.o
                0x08004f70                TIM3_init
 .text.TIM3_IRQHandler
                0x08004fbc       0x48 ./Src/ultrasonic.o
                0x08004fbc                TIM3_IRQHandler
 .text.init_GPIO_EXTI_ultrasonic
                0x08005004      0x1d8 ./Src/ultrasonic.o
                0x08005004                init_GPIO_EXTI_ultrasonic
 .text.start_hcsr04_trigger
                0x080051dc       0x80 ./Src/ultrasonic.o
                0x080051dc                start_hcsr04_trigger
 .text.EXTI0_1_IRQHandler
                0x0800525c      0x124 ./Src/ultrasonic.o
                0x0800525c                EXTI0_1_IRQHandler
 .text.EXTI4_15_IRQHandler
                0x08005380      0x334 ./Src/ultrasonic.o
                0x08005380                EXTI4_15_IRQHandler
 .text.Reset_Handler
                0x080056b4       0x50 ./Startup/startup_stm32f051r8tx.o
                0x080056b4                Reset_Handler
 .text.Default_Handler
                0x08005704        0x2 ./Startup/startup_stm32f051r8tx.o
                0x08005704                DMA1_CH4_5_6_7_DMA2_CH3_4_5_IRQHandler
                0x08005704                TIM1_CC_IRQHandler
                0x08005704                TSC_IRQHandler
                0x08005704                HardFault_Handler
                0x08005704                SysTick_Handler
                0x08005704                PVD_IRQHandler
                0x08005704                PendSV_Handler
                0x08005704                NMI_Handler
                0x08005704                I2C1_IRQHandler
                0x08005704                RCC_CRS_IRQHandler
                0x08005704                SPI1_IRQHandler
                0x08005704                TIM6_DAC_IRQHandler
                0x08005704                EXTI2_3_IRQHandler
                0x08005704                I2C2_IRQHandler
                0x08005704                TIM17_IRQHandler
                0x08005704                CEC_CAN_IRQHandler
                0x08005704                RTC_IRQHandler
                0x08005704                TIM16_IRQHandler
                0x08005704                Default_Handler
                0x08005704                DMA1_CH2_3_DMA2_CH1_2_IRQHandler
                0x08005704                TIM7_IRQHandler
                0x08005704                TIM15_IRQHandler
                0x08005704                USB_IRQHandler
                0x08005704                SPI2_IRQHandler
                0x08005704                DMA1_CH1_IRQHandler
                0x08005704                SVC_Handler
                0x08005704                WWDG_IRQHandler
                0x08005704                TIM2_IRQHandler
                0x08005704                ADC_COMP_IRQHandler
                0x08005704                USART3_4_5_6_7_8_IRQHandler
                0x08005704                FLASH_IRQHandler
                0x08005704                TIM1_BRK_UP_TRG_COM_IRQHandler
 *fill*         0x08005706        0x2 
 .text.__errno  0x08005708        0xc C:/ST/STM32CubeIDE_1.18.0/STM32CubeIDE/plugins/com.st.stm32cube.ide.mcu.externaltools.gnu-tools-for-stm32.13.3.rel1.win32_1.0.0.202411081344/tools/bin/../lib/gcc/arm-none-eabi/13.3.1/../../../../arm-none-eabi/lib/thumb/v6-m/nofp\libc_nano.a(libc_a-errno.o)
                0x08005708                __errno
 .text.__libc_init_array
                0x08005714       0x48 C:/ST/STM32CubeIDE_1.18.0/STM32CubeIDE/plugins/com.st.stm32cube.ide.mcu.externaltools.gnu-tools-for-stm32.13.3.rel1.win32_1.0.0.202411081344/tools/bin/../lib/gcc/arm-none-eabi/13.3.1/../../../../arm-none-eabi/lib/thumb/v6-m/nofp\libc_nano.a(libc_a-init.o)
                0x08005714                __libc_init_array
 .text.atan2f   0x0800575c        0x8 C:/ST/STM32CubeIDE_1.18.0/STM32CubeIDE/plugins/com.st.stm32cube.ide.mcu.externaltools.gnu-tools-for-stm32.13.3.rel1.win32_1.0.0.202411081344/tools/bin/../lib/gcc/arm-none-eabi/13.3.1/../../../../arm-none-eabi/lib/thumb/v6-m/nofp\libm.a(libm_a-wf_atan2.o)
                0x0800575c                atan2f
 .text.sqrtf    0x08005764       0x38 C:/ST/STM32CubeIDE_1.18.0/STM32CubeIDE/plugins/com.st.stm32cube.ide.mcu.externaltools.gnu-tools-for-stm32.13.3.rel1.win32_1.0.0.202411081344/tools/bin/../lib/gcc/arm-none-eabi/13.3.1/../../../../arm-none-eabi/lib/thumb/v6-m/nofp\libm.a(libm_a-wf_sqrt.o)
                0x08005764                sqrtf
 .text.cosf     0x0800579c       0x68 C:/ST/STM32CubeIDE_1.18.0/STM32CubeIDE/plugins/com.st.stm32cube.ide.mcu.externaltools.gnu-tools-for-stm32.13.3.rel1.win32_1.0.0.202411081344/tools/bin/../lib/gcc/arm-none-eabi/13.3.1/../../../../arm-none-eabi/lib/thumb/v6-m/nofp\libm.a(libm_a-sf_cos.o)
                0x0800579c                cosf
 .text.sinf     0x08005804       0x70 C:/ST/STM32CubeIDE_1.18.0/STM32CubeIDE/plugins/com.st.stm32cube.ide.mcu.externaltools.gnu-tools-for-stm32.13.3.rel1.win32_1.0.0.202411081344/tools/bin/../lib/gcc/arm-none-eabi/13.3.1/../../../../arm-none-eabi/lib/thumb/v6-m/nofp\libm.a(libm_a-sf_sin.o)
                0x08005804                sinf
 .text.__ieee754_sqrtf
                0x08005874       0xe8 C:/ST/STM32CubeIDE_1.18.0/STM32CubeIDE/plugins/com.st.stm32cube.ide.mcu.externaltools.gnu-tools-for-stm32.13.3.rel1.win32_1.0.0.202411081344/tools/bin/../lib/gcc/arm-none-eabi/13.3.1/../../../../arm-none-eabi/lib/thumb/v6-m/nofp\libm.a(libm_a-ef_sqrt.o)
                0x08005874                __ieee754_sqrtf
 .text.__kernel_cosf
                0x0800595c      0x100 C:/ST/STM32CubeIDE_1.18.0/STM32CubeIDE/plugins/com.st.stm32cube.ide.mcu.externaltools.gnu-tools-for-stm32.13.3.rel1.win32_1.0.0.202411081344/tools/bin/../lib/gcc/arm-none-eabi/13.3.1/../../../../arm-none-eabi/lib/thumb/v6-m/nofp\libm.a(libm_a-kf_cos.o)
                0x0800595c                __kernel_cosf
 .text.__kernel_sinf
                0x08005a5c       0xe8 C:/ST/STM32CubeIDE_1.18.0/STM32CubeIDE/plugins/com.st.stm32cube.ide.mcu.externaltools.gnu-tools-for-stm32.13.3.rel1.win32_1.0.0.202411081344/tools/bin/../lib/gcc/arm-none-eabi/13.3.1/../../../../arm-none-eabi/lib/thumb/v6-m/nofp\libm.a(libm_a-kf_sin.o)
                0x08005a5c                __kernel_sinf
 .text.__ieee754_atan2f
                0x08005b44       0xf4 C:/ST/STM32CubeIDE_1.18.0/STM32CubeIDE/plugins/com.st.stm32cube.ide.mcu.externaltools.gnu-tools-for-stm32.13.3.rel1.win32_1.0.0.202411081344/tools/bin/../lib/gcc/arm-none-eabi/13.3.1/../../../../arm-none-eabi/lib/thumb/v6-m/nofp\libm.a(libm_a-ef_atan2.o)
                0x08005b44                __ieee754_atan2f
 .text.__ieee754_rem_pio2f
                0x08005c38      0x2c4 C:/ST/STM32CubeIDE_1.18.0/STM32CubeIDE/plugins/com.st.stm32cube.ide.mcu.externaltools.gnu-tools-for-stm32.13.3.rel1.win32_1.0.0.202411081344/tools/bin/../lib/gcc/arm-none-eabi/13.3.1/../../../../arm-none-eabi/lib/thumb/v6-m/nofp\libm.a(libm_a-ef_rem_pio2.o)
                0x08005c38                __ieee754_rem_pio2f
 .text.atanf    0x08005efc      0x220 C:/ST/STM32CubeIDE_1.18.0/STM32CubeIDE/plugins/com.st.stm32cube.ide.mcu.externaltools.gnu-tools-for-stm32.13.3.rel1.win32_1.0.0.202411081344/tools/bin/../lib/gcc/arm-none-eabi/13.3.1/../../../../arm-none-eabi/lib/thumb/v6-m/nofp\libm.a(libm_a-sf_atan.o)
                0x08005efc                atanf
 .text.fabsf    0x0800611c        0x6 C:/ST/STM32CubeIDE_1.18.0/STM32CubeIDE/plugins/com.st.stm32cube.ide.mcu.externaltools.gnu-tools-for-stm32.13.3.rel1.win32_1.0.0.202411081344/tools/bin/../lib/gcc/arm-none-eabi/13.3.1/../../../../arm-none-eabi/lib/thumb/v6-m/nofp\libm.a(libm_a-sf_fabs.o)
                0x0800611c                fabsf
 *fill*         0x08006122        0x2 
 .text.__kernel_rem_pio2f
                0x08006124      0x540 C:/ST/STM32CubeIDE_1.18.0/STM32CubeIDE/plugins/com.st.stm32cube.ide.mcu.externaltools.gnu-tools-for-stm32.13.3.rel1.win32_1.0.0.202411081344/tools/bin/../lib/gcc/arm-none-eabi/13.3.1/../../../../arm-none-eabi/lib/thumb/v6-m/nofp\libm.a(libm_a-kf_rem_pio2.o)
                0x08006124                __kernel_rem_pio2f
 .text.scalbnf  0x08006664       0xac C:/ST/STM32CubeIDE_1.18.0/STM32CubeIDE/plugins/com.st.stm32cube.ide.mcu.externaltools.gnu-tools-for-stm32.13.3.rel1.win32_1.0.0.202411081344/tools/bin/../lib/gcc/arm-none-eabi/13.3.1/../../../../arm-none-eabi/lib/thumb/v6-m/nofp\libm.a(libm_a-sf_scalbn.o)
                0x08006664                scalbnf
 .text.floorf   0x08006710       0x84 C:/ST/STM32CubeIDE_1.18.0/STM32CubeIDE/plugins/com.st.stm32cube.ide.mcu.externaltools.gnu-tools-for-stm32.13.3.rel1.win32_1.0.0.202411081344/tools/bin/../lib/gcc/arm-none-eabi/13.3.1/../../../../arm-none-eabi/lib/thumb/v6-m/nofp\libm.a(libm_a-sf_floor.o)
                0x08006710                floorf
 *(.glue_7)
 .glue_7        0x08006794        0x0 linker stubs
 *(.glue_7t)
 .glue_7t       0x08006794        0x0 linker stubs
 *(.eh_frame)
 .eh_frame      0x08006794        0x0 C:/ST/STM32CubeIDE_1.18.0/STM32CubeIDE/plugins/com.st.stm32cube.ide.mcu.externaltools.gnu-tools-for-stm32.13.3.rel1.win32_1.0.0.202411081344/tools/bin/../lib/gcc/arm-none-eabi/13.3.1/thumb/v6-m/nofp/crtbegin.o
 *(.init)
 .init          0x08006794        0x4 C:/ST/STM32CubeIDE_1.18.0/STM32CubeIDE/plugins/com.st.stm32cube.ide.mcu.externaltools.gnu-tools-for-stm32.13.3.rel1.win32_1.0.0.202411081344/tools/bin/../lib/gcc/arm-none-eabi/13.3.1/thumb/v6-m/nofp/crti.o
                0x08006794                _init
 .init          0x08006798        0x8 C:/ST/STM32CubeIDE_1.18.0/STM32CubeIDE/plugins/com.st.stm32cube.ide.mcu.externaltools.gnu-tools-for-stm32.13.3.rel1.win32_1.0.0.202411081344/tools/bin/../lib/gcc/arm-none-eabi/13.3.1/thumb/v6-m/nofp/crtn.o
 *(.fini)
 .fini          0x080067a0        0x4 C:/ST/STM32CubeIDE_1.18.0/STM32CubeIDE/plugins/com.st.stm32cube.ide.mcu.externaltools.gnu-tools-for-stm32.13.3.rel1.win32_1.0.0.202411081344/tools/bin/../lib/gcc/arm-none-eabi/13.3.1/thumb/v6-m/nofp/crti.o
                0x080067a0                _fini
 .fini          0x080067a4        0x8 C:/ST/STM32CubeIDE_1.18.0/STM32CubeIDE/plugins/com.st.stm32cube.ide.mcu.externaltools.gnu-tools-for-stm32.13.3.rel1.win32_1.0.0.202411081344/tools/bin/../lib/gcc/arm-none-eabi/13.3.1/thumb/v6-m/nofp/crtn.o
                0x080067ac                        . = ALIGN (0x4)
                0x080067ac                        _etext = .

.vfp11_veneer   0x080067ac        0x0
 .vfp11_veneer  0x080067ac        0x0 linker stubs

.v4_bx          0x080067ac        0x0
 .v4_bx         0x080067ac        0x0 linker stubs

.iplt           0x080067ac        0x0
 .iplt          0x080067ac        0x0 C:/ST/STM32CubeIDE_1.18.0/STM32CubeIDE/plugins/com.st.stm32cube.ide.mcu.externaltools.gnu-tools-for-stm32.13.3.rel1.win32_1.0.0.202411081344/tools/bin/../lib/gcc/arm-none-eabi/13.3.1/thumb/v6-m/nofp/crtbegin.o

.rodata         0x080067ac      0x520
                0x080067ac                        . = ALIGN (0x4)
 *(.rodata)
 .rodata        0x080067ac       0x18 ./Src/line_follow.o
 .rodata        0x080067c4       0x7c C:/ST/STM32CubeIDE_1.18.0/STM32CubeIDE/plugins/com.st.stm32cube.ide.mcu.externaltools.gnu-tools-for-stm32.13.3.rel1.win32_1.0.0.202411081344/tools/bin/../lib/gcc/arm-none-eabi/13.3.1/thumb/v6-m/nofp\libgcc.a(divsf3.o)
 *(.rodata*)
 .rodata.AMR_Update
                0x08006840       0x1c ./Src/amr_mode.o
 .rodata.TIM14_IRQHandler
                0x0800685c       0x5c ./Src/main.o
 .rodata.echo_pin
                0x080068b8        0x4 ./Src/ultrasonic.o
 .rodata.tiny   0x080068bc        0x4 C:/ST/STM32CubeIDE_1.18.0/STM32CubeIDE/plugins/com.st.stm32cube.ide.mcu.externaltools.gnu-tools-for-stm32.13.3.rel1.win32_1.0.0.202411081344/tools/bin/../lib/gcc/arm-none-eabi/13.3.1/../../../../arm-none-eabi/lib/thumb/v6-m/nofp\libm.a(libm_a-ef_sqrt.o)
 .rodata.one    0x080068c0        0x4 C:/ST/STM32CubeIDE_1.18.0/STM32CubeIDE/plugins/com.st.stm32cube.ide.mcu.externaltools.gnu-tools-for-stm32.13.3.rel1.win32_1.0.0.202411081344/tools/bin/../lib/gcc/arm-none-eabi/13.3.1/../../../../arm-none-eabi/lib/thumb/v6-m/nofp\libm.a(libm_a-ef_sqrt.o)
 .rodata.CSWTCH.9
                0x080068c4        0xc C:/ST/STM32CubeIDE_1.18.0/STM32CubeIDE/plugins/com.st.stm32cube.ide.mcu.externaltools.gnu-tools-for-stm32.13.3.rel1.win32_1.0.0.202411081344/tools/bin/../lib/gcc/arm-none-eabi/13.3.1/../../../../arm-none-eabi/lib/thumb/v6-m/nofp\libm.a(libm_a-ef_atan2.o)
 .rodata.CSWTCH.8
                0x080068d0        0xc C:/ST/STM32CubeIDE_1.18.0/STM32CubeIDE/plugins/com.st.stm32cube.ide.mcu.externaltools.gnu-tools-for-stm32.13.3.rel1.win32_1.0.0.202411081344/tools/bin/../lib/gcc/arm-none-eabi/13.3.1/../../../../arm-none-eabi/lib/thumb/v6-m/nofp\libm.a(libm_a-ef_atan2.o)
 .rodata.npio2_hw
                0x080068dc       0x80 C:/ST/STM32CubeIDE_1.18.0/STM32CubeIDE/plugins/com.st.stm32cube.ide.mcu.externaltools.gnu-tools-for-stm32.13.3.rel1.win32_1.0.0.202411081344/tools/bin/../lib/gcc/arm-none-eabi/13.3.1/../../../../arm-none-eabi/lib/thumb/v6-m/nofp\libm.a(libm_a-ef_rem_pio2.o)
 .rodata.two_over_pi
                0x0800695c      0x318 C:/ST/STM32CubeIDE_1.18.0/STM32CubeIDE/plugins/com.st.stm32cube.ide.mcu.externaltools.gnu-tools-for-stm32.13.3.rel1.win32_1.0.0.202411081344/tools/bin/../lib/gcc/arm-none-eabi/13.3.1/../../../../arm-none-eabi/lib/thumb/v6-m/nofp\libm.a(libm_a-ef_rem_pio2.o)
 .rodata.atanlo
                0x08006c74       0x10 C:/ST/STM32CubeIDE_1.18.0/STM32CubeIDE/plugins/com.st.stm32cube.ide.mcu.externaltools.gnu-tools-for-stm32.13.3.rel1.win32_1.0.0.202411081344/tools/bin/../lib/gcc/arm-none-eabi/13.3.1/../../../../arm-none-eabi/lib/thumb/v6-m/nofp\libm.a(libm_a-sf_atan.o)
 .rodata.atanhi
                0x08006c84       0x10 C:/ST/STM32CubeIDE_1.18.0/STM32CubeIDE/plugins/com.st.stm32cube.ide.mcu.externaltools.gnu-tools-for-stm32.13.3.rel1.win32_1.0.0.202411081344/tools/bin/../lib/gcc/arm-none-eabi/13.3.1/../../../../arm-none-eabi/lib/thumb/v6-m/nofp\libm.a(libm_a-sf_atan.o)
 .rodata.PIo2   0x08006c94       0x2c C:/ST/STM32CubeIDE_1.18.0/STM32CubeIDE/plugins/com.st.stm32cube.ide.mcu.externaltools.gnu-tools-for-stm32.13.3.rel1.win32_1.0.0.202411081344/tools/bin/../lib/gcc/arm-none-eabi/13.3.1/../../../../arm-none-eabi/lib/thumb/v6-m/nofp\libm.a(libm_a-kf_rem_pio2.o)
 .rodata.init_jk
                0x08006cc0        0xc C:/ST/STM32CubeIDE_1.18.0/STM32CubeIDE/plugins/com.st.stm32cube.ide.mcu.externaltools.gnu-tools-for-stm32.13.3.rel1.win32_1.0.0.202411081344/tools/bin/../lib/gcc/arm-none-eabi/13.3.1/../../../../arm-none-eabi/lib/thumb/v6-m/nofp\libm.a(libm_a-kf_rem_pio2.o)
                0x08006ccc                        . = ALIGN (0x4)

.ARM.extab      0x08006ccc        0x0
                0x08006ccc                        . = ALIGN (0x4)
 *(.ARM.extab* .gnu.linkonce.armextab.*)
                0x08006ccc                        . = ALIGN (0x4)

.ARM            0x08006ccc        0x0
                0x08006ccc                        . = ALIGN (0x4)
                0x08006ccc                        __exidx_start = .
 *(.ARM.exidx*)
                0x08006ccc                        __exidx_end = .
                0x08006ccc                        . = ALIGN (0x4)

.preinit_array  0x08006ccc        0x0
                0x08006ccc                        . = ALIGN (0x4)
                0x08006ccc                        PROVIDE (__preinit_array_start = .)
 *(.preinit_array*)
                0x08006ccc                        PROVIDE (__preinit_array_end = .)
                0x08006ccc                        . = ALIGN (0x4)

.init_array     0x08006ccc        0x4
                0x08006ccc                        . = ALIGN (0x4)
                0x08006ccc                        PROVIDE (__init_array_start = .)
 *(SORT_BY_NAME(.init_array.*))
 *(.init_array*)
 .init_array    0x08006ccc        0x4 C:/ST/STM32CubeIDE_1.18.0/STM32CubeIDE/plugins/com.st.stm32cube.ide.mcu.externaltools.gnu-tools-for-stm32.13.3.rel1.win32_1.0.0.202411081344/tools/bin/../lib/gcc/arm-none-eabi/13.3.1/thumb/v6-m/nofp/crtbegin.o
                0x08006cd0                        PROVIDE (__init_array_end = .)
                0x08006cd0                        . = ALIGN (0x4)

.fini_array     0x08006cd0        0x4
                0x08006cd0                        . = ALIGN (0x4)
                [!provide]                        PROVIDE (__fini_array_start = .)
 *(SORT_BY_NAME(.fini_array.*))
 *(.fini_array*)
 .fini_array    0x08006cd0        0x4 C:/ST/STM32CubeIDE_1.18.0/STM32CubeIDE/plugins/com.st.stm32cube.ide.mcu.externaltools.gnu-tools-for-stm32.13.3.rel1.win32_1.0.0.202411081344/tools/bin/../lib/gcc/arm-none-eabi/13.3.1/thumb/v6-m/nofp/crtbegin.o
                [!provide]                        PROVIDE (__fini_array_end = .)
                0x08006cd4                        . = ALIGN (0x4)
                0x08006cd4                        _sidata = LOADADDR (.data)

.rel.dyn        0x08006cd4        0x0
 .rel.iplt      0x08006cd4        0x0 C:/ST/STM32CubeIDE_1.18.0/STM32CubeIDE/plugins/com.st.stm32cube.ide.mcu.externaltools.gnu-tools-for-stm32.13.3.rel1.win32_1.0.0.202411081344/tools/bin/../lib/gcc/arm-none-eabi/13.3.1/thumb/v6-m/nofp/crtbegin.o

.data           0x20000000       0x78 load address 0x08006cd4
                0x20000000                        . = ALIGN (0x4)
                0x20000000                        _sdata = .
 *(.data)
 *(.data*)
 .data.position_error_threshold
                0x20000000        0x4 ./Src/amr_mode.o
                0x20000000                position_error_threshold
 .data.amr_nominal_speed
                0x20000004        0x4 ./Src/amr_mode.o
                0x20000004                amr_nominal_speed
 .data.amr_max_angular_speed
                0x20000008        0x4 ./Src/amr_mode.o
                0x20000008                amr_max_angular_speed
 .data.raw_x    0x2000000c        0x2 ./Src/bluetooth.o
                0x2000000c                raw_x
 .data.raw_y    0x2000000e        0x2 ./Src/bluetooth.o
                0x2000000e                raw_y
 .data.auto_set_speed
                0x20000010        0x1 ./Src/bluetooth.o
                0x20000010                auto_set_speed
 .data.station_wait_time
                0x20000011        0x1 ./Src/bluetooth.o
                0x20000011                station_wait_time
 .data.colorin  0x20000012        0x1 ./Src/bluetooth.o
                0x20000012                colorin
 .data.station_done
                0x20000013        0x1 ./Src/line_follow.o
                0x20000013                station_done
 .data.counter_stations
                0x20000014        0x1 ./Src/line_follow.o
                0x20000014                counter_stations
 .data.linea    0x20000015        0x1 ./Src/line_follow.o
                0x20000015                linea
 .data.last_led_action.0
                0x20000016        0x1 ./Src/main.o
 *fill*         0x20000017        0x1 
 .data.kp_l     0x20000018        0x4 ./Src/pid_diff_drive.o
                0x20000018                kp_l
 .data.ki_l     0x2000001c        0x4 ./Src/pid_diff_drive.o
                0x2000001c                ki_l
 .data.kp_r     0x20000020        0x4 ./Src/pid_diff_drive.o
                0x20000020                kp_r
 .data.ki_r     0x20000024        0x4 ./Src/pid_diff_drive.o
                0x20000024                ki_r
 .data._impure_ptr
                0x20000028        0x4 C:/ST/STM32CubeIDE_1.18.0/STM32CubeIDE/plugins/com.st.stm32cube.ide.mcu.externaltools.gnu-tools-for-stm32.13.3.rel1.win32_1.0.0.202411081344/tools/bin/../lib/gcc/arm-none-eabi/13.3.1/../../../../arm-none-eabi/lib/thumb/v6-m/nofp\libc_nano.a(libc_a-impure.o)
                0x20000028                _impure_ptr
 .data._impure_data
                0x2000002c       0x4c C:/ST/STM32CubeIDE_1.18.0/STM32CubeIDE/plugins/com.st.stm32cube.ide.mcu.externaltools.gnu-tools-for-stm32.13.3.rel1.win32_1.0.0.202411081344/tools/bin/../lib/gcc/arm-none-eabi/13.3.1/../../../../arm-none-eabi/lib/thumb/v6-m/nofp\libc_nano.a(libc_a-impure.o)
                0x2000002c                _impure_data
 *(.RamFunc)
 *(.RamFunc*)
                0x20000078                        . = ALIGN (0x4)
                0x20000078                        _edata = .

.igot.plt       0x20000078        0x0 load address 0x08006d4c
 .igot.plt      0x20000078        0x0 C:/ST/STM32CubeIDE_1.18.0/STM32CubeIDE/plugins/com.st.stm32cube.ide.mcu.externaltools.gnu-tools-for-stm32.13.3.rel1.win32_1.0.0.202411081344/tools/bin/../lib/gcc/arm-none-eabi/13.3.1/thumb/v6-m/nofp/crtbegin.o
                0x20000078                        . = ALIGN (0x4)

.bss            0x20000078      0xafc load address 0x08006d4c
                0x20000078                        _sbss = .
                0x20000078                        __bss_start__ = _sbss
 *(.bss)
 .bss           0x20000078       0x1c C:/ST/STM32CubeIDE_1.18.0/STM32CubeIDE/plugins/com.st.stm32cube.ide.mcu.externaltools.gnu-tools-for-stm32.13.3.rel1.win32_1.0.0.202411081344/tools/bin/../lib/gcc/arm-none-eabi/13.3.1/thumb/v6-m/nofp/crtbegin.o
 *(.bss*)
 .bss.amr_active
                0x20000094        0x1 ./Src/amr_mode.o
                0x20000094                amr_active
 .bss.amr_loop_mode
                0x20000095        0x1 ./Src/amr_mode.o
                0x20000095                amr_loop_mode
 .bss.state     0x20000096        0x1 ./Src/amr_mode.o
 *fill*         0x20000097        0x1 
 .bss.init_wait_start_ms
                0x20000098        0x4 ./Src/amr_mode.o
 .bss.current_index
                0x2000009c        0x2 ./Src/amr_mode.o
 .bss.next_index
                0x2000009e        0x2 ./Src/amr_mode.o
 .bss.lastV     0x200000a0        0x4 ./Src/amr_mode.o
 .bss.now_ms    0x200000a4        0x4 ./Src/amr_mode.o
 .bss.menu_button
                0x200000a8        0x1 ./Src/bluetooth.o
                0x200000a8                menu_button
 .bss.coded_recieved_bool1
                0x200000a9        0x1 ./Src/bluetooth.o
                0x200000a9                coded_recieved_bool1
 .bss.coded_route_recieved
                0x200000aa        0x1 ./Src/bluetooth.o
                0x200000aa                coded_route_recieved
 *fill*         0x200000ab        0x1 
 .bss.rx_buffer
                0x200000ac        0x8 ./Src/bluetooth.o
                0x200000ac                rx_buffer
 .bss.rx_index  0x200000b4        0x1 ./Src/bluetooth.o
                0x200000b4                rx_index
 .bss.first_connection
                0x200000b5        0x1 ./Src/bluetooth.o
                0x200000b5                first_connection
 .bss.linear_velocity
                0x200000b6        0x1 ./Src/bluetooth.o
                0x200000b6                linear_velocity
 .bss.angular_velocity
                0x200000b7        0x1 ./Src/bluetooth.o
                0x200000b7                angular_velocity
 .bss.tmp_data  0x200000b8        0x1 ./Src/bluetooth.o
                0x200000b8                tmp_data
 .bss.near_obj  0x200000b9        0x1 ./Src/bluetooth.o
                0x200000b9                near_obj
 .bss.voltage_sent
                0x200000ba        0x1 ./Src/bluetooth.o
                0x200000ba                voltage_sent
 .bss.posx_big  0x200000bb        0x1 ./Src/bluetooth.o
                0x200000bb                posx_big
 .bss.posx_small
                0x200000bc        0x1 ./Src/bluetooth.o
                0x200000bc                posx_small
 .bss.posy_big  0x200000bd        0x1 ./Src/bluetooth.o
                0x200000bd                posy_big
 .bss.posy_small
                0x200000be        0x1 ./Src/bluetooth.o
                0x200000be                posy_small
 *fill*         0x200000bf        0x1 
 .bss.encoderPos1
                0x200000c0        0x4 ./Src/encoders.o
                0x200000c0                encoderPos1
 .bss.encoderPos2
                0x200000c4        0x4 ./Src/encoders.o
                0x200000c4                encoderPos2
 .bss.direction1
                0x200000c8        0x1 ./Src/encoders.o
                0x200000c8                direction1
 .bss.direction2
                0x200000c9        0x1 ./Src/encoders.o
                0x200000c9                direction2
 *fill*         0x200000ca        0x2 
 .bss.delta_Pos1
                0x200000cc        0x4 ./Src/encoders.o
                0x200000cc                delta_Pos1
 .bss.delta_Pos2
                0x200000d0        0x4 ./Src/encoders.o
                0x200000d0                delta_Pos2
 .bss.lastPos1  0x200000d4        0x4 ./Src/encoders.o
                0x200000d4                lastPos1
 .bss.lastPos2  0x200000d8        0x4 ./Src/encoders.o
                0x200000d8                lastPos2
 .bss.rpm_1_filtered
                0x200000dc        0x4 ./Src/encoders.o
                0x200000dc                rpm_1_filtered
 .bss.rpm_2_filtered
                0x200000e0        0x4 ./Src/encoders.o
                0x200000e0                rpm_2_filtered
 .bss.prev_rpm_1
                0x200000e4        0x4 ./Src/encoders.o
                0x200000e4                prev_rpm_1
 .bss.prev_rpm_2
                0x200000e8        0x4 ./Src/encoders.o
                0x200000e8                prev_rpm_2
 .bss.LED_action
                0x200000ec        0x1 ./Src/esp32_com.o
                0x200000ec                LED_action
 *fill*         0x200000ed        0x1 
 .bss.temperature10
                0x200000ee        0x2 ./Src/esp32_com.o
                0x200000ee                temperature10
 .bss.voltage10
                0x200000f0        0x2 ./Src/esp32_com.o
                0x200000f0                voltage10
 .bss.valid_indexes
                0x200000f2        0x2 ./Src/esp32_com.o
                0x200000f2                valid_indexes
 .bss.rxBuf     0x200000f4       0x10 ./Src/esp32_com.o
                0x200000f4                rxBuf
 .bss.rxIndex   0x20000104        0x1 ./Src/esp32_com.o
                0x20000104                rxIndex
 .bss.packetLen
                0x20000105        0x1 ./Src/esp32_com.o
                0x20000105                packetLen
 *fill*         0x20000106        0x2 
 .bss.pathX     0x20000108      0x3e8 ./Src/esp32_com.o
                0x20000108                pathX
 .bss.pathY     0x200004f0      0x3e8 ./Src/esp32_com.o
                0x200004f0                pathY
 .bss.pathCount
                0x200008d8        0x2 ./Src/esp32_com.o
                0x200008d8                pathCount
 .bss.pathReady
                0x200008da        0x1 ./Src/esp32_com.o
                0x200008da                pathReady
 *fill*         0x200008db        0x1 
 .bss.AccelX    0x200008dc        0x2 ./Src/i2c_color_imu.o
                0x200008dc                AccelX
 .bss.AccelY    0x200008de        0x2 ./Src/i2c_color_imu.o
                0x200008de                AccelY
 .bss.AccelZ    0x200008e0        0x2 ./Src/i2c_color_imu.o
                0x200008e0                AccelZ
 .bss.GyroX     0x200008e2        0x2 ./Src/i2c_color_imu.o
                0x200008e2                GyroX
 .bss.GyroY     0x200008e4        0x2 ./Src/i2c_color_imu.o
                0x200008e4                GyroY
 .bss.GyroZ     0x200008e6        0x2 ./Src/i2c_color_imu.o
                0x200008e6                GyroZ
 .bss.gAccelX   0x200008e8        0x4 ./Src/i2c_color_imu.o
                0x200008e8                gAccelX
 .bss.gAccelY   0x200008ec        0x4 ./Src/i2c_color_imu.o
                0x200008ec                gAccelY
 .bss.gAccelZ   0x200008f0        0x4 ./Src/i2c_color_imu.o
                0x200008f0                gAccelZ
 .bss.roll      0x200008f4        0x4 ./Src/i2c_color_imu.o
                0x200008f4                roll
 .bss.pitch     0x200008f8        0x4 ./Src/i2c_color_imu.o
                0x200008f8                pitch
 .bss.yaw       0x200008fc        0x4 ./Src/i2c_color_imu.o
                0x200008fc                yaw
 .bss.yaw_bias  0x20000900        0x4 ./Src/i2c_color_imu.o
 .bss.yaw_bias_init
                0x20000904        0x4 ./Src/i2c_color_imu.o
 .bss.acc_mag   0x20000908        0x4 ./Src/i2c_color_imu.o
                0x20000908                acc_mag
 .bss.startup_time
                0x2000090c        0x1 ./Src/i2c_color_imu.o
                0x2000090c                startup_time
 *fill*         0x2000090d        0x3 
 .bss.AccelX_sum
                0x20000910        0x4 ./Src/i2c_color_imu.o
                0x20000910                AccelX_sum
 .bss.AccelY_sum
                0x20000914        0x4 ./Src/i2c_color_imu.o
                0x20000914                AccelY_sum
 .bss.AccelZ_sum
                0x20000918        0x4 ./Src/i2c_color_imu.o
                0x20000918                AccelZ_sum
 .bss.AccelX_offset
                0x2000091c        0x4 ./Src/i2c_color_imu.o
                0x2000091c                AccelX_offset
 .bss.AccelY_offset
                0x20000920        0x4 ./Src/i2c_color_imu.o
                0x20000920                AccelY_offset
 .bss.AccelZ_offset
                0x20000924        0x4 ./Src/i2c_color_imu.o
                0x20000924                AccelZ_offset
 .bss.GyroX_sum
                0x20000928        0x4 ./Src/i2c_color_imu.o
                0x20000928                GyroX_sum
 .bss.GyroY_sum
                0x2000092c        0x4 ./Src/i2c_color_imu.o
                0x2000092c                GyroY_sum
 .bss.GyroZ_sum
                0x20000930        0x4 ./Src/i2c_color_imu.o
                0x20000930                GyroZ_sum
 .bss.GyroX_offset
                0x20000934        0x4 ./Src/i2c_color_imu.o
                0x20000934                GyroX_offset
 .bss.GyroY_offset
                0x20000938        0x4 ./Src/i2c_color_imu.o
                0x20000938                GyroY_offset
 .bss.GyroZ_offset
                0x2000093c        0x4 ./Src/i2c_color_imu.o
                0x2000093c                GyroZ_offset
 .bss.calibX    0x20000940        0x4 ./Src/i2c_color_imu.o
                0x20000940                calibX
 .bss.calibY    0x20000944        0x4 ./Src/i2c_color_imu.o
                0x20000944                calibY
 .bss.calibZ    0x20000948        0x4 ./Src/i2c_color_imu.o
                0x20000948                calibZ
 .bss.calibration_done
                0x2000094c        0x1 ./Src/i2c_color_imu.o
                0x2000094c                calibration_done
 *fill*         0x2000094d        0x1 
 .bss.ColorR    0x2000094e        0x2 ./Src/i2c_color_imu.o
                0x2000094e                ColorR
 .bss.ColorG    0x20000950        0x2 ./Src/i2c_color_imu.o
                0x20000950                ColorG
 .bss.ColorB    0x20000952        0x2 ./Src/i2c_color_imu.o
                0x20000952                ColorB
 .bss.ColorC    0x20000954        0x2 ./Src/i2c_color_imu.o
                0x20000954                ColorC
 .bss.R         0x20000956        0x1 ./Src/i2c_color_imu.o
                0x20000956                R
 .bss.G         0x20000957        0x1 ./Src/i2c_color_imu.o
                0x20000957                G
 .bss.B         0x20000958        0x1 ./Src/i2c_color_imu.o
                0x20000958                B
 .bss.C         0x20000959        0x1 ./Src/i2c_color_imu.o
                0x20000959                C
 .bss.maxVal    0x2000095a        0x1 ./Src/i2c_color_imu.o
                0x2000095a                maxVal
 .bss.normR     0x2000095b        0x1 ./Src/i2c_color_imu.o
                0x2000095b                normR
 .bss.normG     0x2000095c        0x1 ./Src/i2c_color_imu.o
                0x2000095c                normG
 .bss.normB     0x2000095d        0x1 ./Src/i2c_color_imu.o
                0x2000095d                normB
 .bss.current_color
                0x2000095e        0x1 ./Src/i2c_color_imu.o
                0x2000095e                current_color
 .bss.imu_read_flag
                0x2000095f        0x1 ./Src/i2c_color_imu.o
                0x2000095f                imu_read_flag
 .bss.color_read_flag
                0x20000960        0x1 ./Src/i2c_color_imu.o
                0x20000960                color_read_flag
 *fill*         0x20000961        0x3 
 .bss.V_current
                0x20000964        0x4 ./Src/line_follow.o
                0x20000964                V_current
 .bss.W_current
                0x20000968        0x4 ./Src/line_follow.o
                0x20000968                W_current
 .bss.last_position_error
                0x2000096c        0x4 ./Src/line_follow.o
                0x2000096c                last_position_error
 .bss.sensor    0x20000970        0x6 ./Src/line_follow.o
                0x20000970                sensor
 .bss.leaving_station
                0x20000976        0x1 ./Src/line_follow.o
                0x20000976                leaving_station
 *fill*         0x20000977        0x1 
 .bss.exit_timer
                0x20000978        0x2 ./Src/line_follow.o
                0x20000978                exit_timer
 .bss.entering_station
                0x2000097a        0x1 ./Src/line_follow.o
                0x2000097a                entering_station
 *fill*         0x2000097b        0x1 
 .bss.wait_ticks.0
                0x2000097c        0x2 ./Src/line_follow.o
 *fill*         0x2000097e        0x2 
 .bss.t         0x20000980        0x4 ./Src/main.o
                0x20000980                t
 .bss.emergency_on
                0x20000984        0x1 ./Src/main.o
                0x20000984                emergency_on
 *fill*         0x20000985        0x3 
 .bss.w_ll      0x20000988        0x4 ./Src/main.o
                0x20000988                w_ll
 .bss.w_rr      0x2000098c        0x4 ./Src/main.o
                0x2000098c                w_rr
 .bss.VV        0x20000990        0x4 ./Src/main.o
                0x20000990                VV
 .bss.WW        0x20000994        0x4 ./Src/main.o
                0x20000994                WW
 .bss.x         0x20000998        0x2 ./Src/main.o
                0x20000998                x
 .bss.y         0x2000099a        0x2 ./Src/main.o
                0x2000099a                y
 .bss.amr_initialized
                0x2000099c        0x1 ./Src/main.o
 *fill*         0x2000099d        0x3 
 .bss.pos_x     0x200009a0        0x4 ./Src/odometry.o
                0x200009a0                pos_x
 .bss.pos_y     0x200009a4        0x4 ./Src/odometry.o
                0x200009a4                pos_y
 .bss.pos_x_mm  0x200009a8        0x2 ./Src/odometry.o
                0x200009a8                pos_x_mm
 .bss.pos_y_mm  0x200009aa        0x2 ./Src/odometry.o
                0x200009aa                pos_y_mm
 .bss.rounded_yaw
                0x200009ac        0x2 ./Src/odometry.o
                0x200009ac                rounded_yaw
 *fill*         0x200009ae        0x2 
 .bss.yaw_relative
                0x200009b0        0x4 ./Src/odometry.o
                0x200009b0                yaw_relative
 .bss.rounded_yaw_relative
                0x200009b4        0x2 ./Src/odometry.o
                0x200009b4                rounded_yaw_relative
 *fill*         0x200009b6        0x2 
 .bss.yaw_zero  0x200009b8        0x4 ./Src/odometry.o
                0x200009b8                yaw_zero
 .bss.error_l   0x200009bc        0x4 ./Src/pid_diff_drive.o
                0x200009bc                error_l
 .bss.error_l_dt
                0x200009c0        0x4 ./Src/pid_diff_drive.o
                0x200009c0                error_l_dt
 .bss.int_error_l
                0x200009c4        0x4 ./Src/pid_diff_drive.o
                0x200009c4                int_error_l
 .bss.der_error_l
                0x200009c8        0x4 ./Src/pid_diff_drive.o
                0x200009c8                der_error_l
 .bss.error_r   0x200009cc        0x4 ./Src/pid_diff_drive.o
                0x200009cc                error_r
 .bss.error_r_dt
                0x200009d0        0x4 ./Src/pid_diff_drive.o
                0x200009d0                error_r_dt
 .bss.int_error_r
                0x200009d4        0x4 ./Src/pid_diff_drive.o
                0x200009d4                int_error_r
 .bss.der_error_r
                0x200009d8        0x4 ./Src/pid_diff_drive.o
                0x200009d8                der_error_r
 .bss.kd_l      0x200009dc        0x4 ./Src/pid_diff_drive.o
                0x200009dc                kd_l
 .bss.kd_r      0x200009e0        0x4 ./Src/pid_diff_drive.o
                0x200009e0                kd_r
 .bss.pwm_left_cmd
                0x200009e4        0x2 ./Src/pid_diff_drive.o
                0x200009e4                pwm_left_cmd
 .bss.pwm_right_cmd
                0x200009e6        0x2 ./Src/pid_diff_drive.o
                0x200009e6                pwm_right_cmd
 .bss.pwm_l     0x200009e8        0x4 ./Src/pid_diff_drive.o
                0x200009e8                pwm_l
 .bss.pwm_r     0x200009ec        0x4 ./Src/pid_diff_drive.o
                0x200009ec                pwm_r
 .bss.last_pwm_l
                0x200009f0        0x4 ./Src/pid_diff_drive.o
                0x200009f0                last_pwm_l
 .bss.last_pwm_r
                0x200009f4        0x4 ./Src/pid_diff_drive.o
                0x200009f4                last_pwm_r
 .bss.changed_direction_l
                0x200009f8        0x1 ./Src/pid_diff_drive.o
                0x200009f8                changed_direction_l
 .bss.changed_direction_r
                0x200009f9        0x1 ./Src/pid_diff_drive.o
                0x200009f9                changed_direction_r
 *fill*         0x200009fa        0x2 
 .bss.V_req     0x200009fc        0x4 ./Src/pid_diff_drive.o
                0x200009fc                V_req
 .bss.W_req     0x20000a00        0x4 ./Src/pid_diff_drive.o
                0x20000a00                W_req
 .bss.w_l       0x20000a04        0x4 ./Src/pid_diff_drive.o
                0x20000a04                w_l
 .bss.w_r       0x20000a08        0x4 ./Src/pid_diff_drive.o
                0x20000a08                w_r
 .bss.rpm_ref_left
                0x20000a0c        0x4 ./Src/pid_diff_drive.o
                0x20000a0c                rpm_ref_left
 .bss.rpm_ref_right
                0x20000a10        0x4 ./Src/pid_diff_drive.o
                0x20000a10                rpm_ref_right
 .bss.echoStart
                0x20000a14        0x8 ./Src/ultrasonic.o
                0x20000a14                echoStart
 .bss.echoEnd   0x20000a1c        0x8 ./Src/ultrasonic.o
                0x20000a1c                echoEnd
 .bss.distance_cm
                0x20000a24       0x10 ./Src/ultrasonic.o
                0x20000a24                distance_cm
 .bss.currentSensor
                0x20000a34        0x1 ./Src/ultrasonic.o
                0x20000a34                currentSensor
 .bss.ultrasonic_read_delay_flag
                0x20000a35        0x1 ./Src/ultrasonic.o
                0x20000a35                ultrasonic_read_delay_flag
 *fill*         0x20000a36        0x2 
 .bss.noObjectCounter
                0x20000a38        0x4 ./Src/ultrasonic.o
                0x20000a38                noObjectCounter
 .bss.__sf      0x20000a3c      0x138 C:/ST/STM32CubeIDE_1.18.0/STM32CubeIDE/plugins/com.st.stm32cube.ide.mcu.externaltools.gnu-tools-for-stm32.13.3.rel1.win32_1.0.0.202411081344/tools/bin/../lib/gcc/arm-none-eabi/13.3.1/../../../../arm-none-eabi/lib/thumb/v6-m/nofp\libc_nano.a(libc_a-findfp.o)
                0x20000a3c                __sf
 *(COMMON)
                0x20000b74                        . = ALIGN (0x4)
                0x20000b74                        _ebss = .
                0x20000b74                        __bss_end__ = _ebss

._user_heap_stack
                0x20000b74      0x604 load address 0x08006d4c
                0x20000b78                        . = ALIGN (0x8)
 *fill*         0x20000b74        0x4 
                [!provide]                        PROVIDE (end = .)
                0x20000b78                        PROVIDE (_end = .)
                0x20000d78                        . = (. + _Min_Heap_Size)
 *fill*         0x20000b78      0x200 
                0x20001178                        . = (. + _Min_Stack_Size)
 *fill*         0x20000d78      0x400 
                0x20001178                        . = ALIGN (0x8)

/DISCARD/
 libc.a(*)
 libm.a(*)
 libgcc.a(*)

.ARM.attributes
                0x00000000       0x28
 *(.ARM.attributes)
 .ARM.attributes
                0x00000000       0x1e C:/ST/STM32CubeIDE_1.18.0/STM32CubeIDE/plugins/com.st.stm32cube.ide.mcu.externaltools.gnu-tools-for-stm32.13.3.rel1.win32_1.0.0.202411081344/tools/bin/../lib/gcc/arm-none-eabi/13.3.1/thumb/v6-m/nofp/crti.o
 .ARM.attributes
                0x0000001e       0x2c C:/ST/STM32CubeIDE_1.18.0/STM32CubeIDE/plugins/com.st.stm32cube.ide.mcu.externaltools.gnu-tools-for-stm32.13.3.rel1.win32_1.0.0.202411081344/tools/bin/../lib/gcc/arm-none-eabi/13.3.1/thumb/v6-m/nofp/crtbegin.o
 .ARM.attributes
                0x0000004a       0x2c ./Src/amr_mode.o
 .ARM.attributes
                0x00000076       0x2c ./Src/bluetooth.o
 .ARM.attributes
                0x000000a2       0x2c ./Src/encoders.o
 .ARM.attributes
                0x000000ce       0x2c ./Src/esp32_com.o
 .ARM.attributes
                0x000000fa       0x2c ./Src/i2c_color_imu.o
 .ARM.attributes
                0x00000126       0x2c ./Src/line_follow.o
 .ARM.attributes
                0x00000152       0x2c ./Src/main.o
 .ARM.attributes
                0x0000017e       0x2c ./Src/motor_pwm.o
 .ARM.attributes
                0x000001aa       0x2c ./Src/odometry.o
 .ARM.attributes
                0x000001d6       0x2c ./Src/pid_diff_drive.o
 .ARM.attributes
                0x00000202       0x2c ./Src/ultrasonic.o
 .ARM.attributes
                0x0000022e       0x21 ./Startup/startup_stm32f051r8tx.o
 .ARM.attributes
                0x0000024f       0x2c C:/ST/STM32CubeIDE_1.18.0/STM32CubeIDE/plugins/com.st.stm32cube.ide.mcu.externaltools.gnu-tools-for-stm32.13.3.rel1.win32_1.0.0.202411081344/tools/bin/../lib/gcc/arm-none-eabi/13.3.1/../../../../arm-none-eabi/lib/thumb/v6-m/nofp\libc_nano.a(libc_a-findfp.o)
 .ARM.attributes
                0x0000027b       0x2c C:/ST/STM32CubeIDE_1.18.0/STM32CubeIDE/plugins/com.st.stm32cube.ide.mcu.externaltools.gnu-tools-for-stm32.13.3.rel1.win32_1.0.0.202411081344/tools/bin/../lib/gcc/arm-none-eabi/13.3.1/../../../../arm-none-eabi/lib/thumb/v6-m/nofp\libc_nano.a(libc_a-impure.o)
 .ARM.attributes
                0x000002a7       0x2c C:/ST/STM32CubeIDE_1.18.0/STM32CubeIDE/plugins/com.st.stm32cube.ide.mcu.externaltools.gnu-tools-for-stm32.13.3.rel1.win32_1.0.0.202411081344/tools/bin/../lib/gcc/arm-none-eabi/13.3.1/../../../../arm-none-eabi/lib/thumb/v6-m/nofp\libc_nano.a(libc_a-errno.o)
 .ARM.attributes
                0x000002d3       0x2c C:/ST/STM32CubeIDE_1.18.0/STM32CubeIDE/plugins/com.st.stm32cube.ide.mcu.externaltools.gnu-tools-for-stm32.13.3.rel1.win32_1.0.0.202411081344/tools/bin/../lib/gcc/arm-none-eabi/13.3.1/../../../../arm-none-eabi/lib/thumb/v6-m/nofp\libc_nano.a(libc_a-init.o)
 .ARM.attributes
                0x000002ff       0x2c C:/ST/STM32CubeIDE_1.18.0/STM32CubeIDE/plugins/com.st.stm32cube.ide.mcu.externaltools.gnu-tools-for-stm32.13.3.rel1.win32_1.0.0.202411081344/tools/bin/../lib/gcc/arm-none-eabi/13.3.1/../../../../arm-none-eabi/lib/thumb/v6-m/nofp\libm.a(libm_a-wf_atan2.o)
 .ARM.attributes
                0x0000032b       0x2c C:/ST/STM32CubeIDE_1.18.0/STM32CubeIDE/plugins/com.st.stm32cube.ide.mcu.externaltools.gnu-tools-for-stm32.13.3.rel1.win32_1.0.0.202411081344/tools/bin/../lib/gcc/arm-none-eabi/13.3.1/../../../../arm-none-eabi/lib/thumb/v6-m/nofp\libm.a(libm_a-wf_sqrt.o)
 .ARM.attributes
                0x00000357       0x2c C:/ST/STM32CubeIDE_1.18.0/STM32CubeIDE/plugins/com.st.stm32cube.ide.mcu.externaltools.gnu-tools-for-stm32.13.3.rel1.win32_1.0.0.202411081344/tools/bin/../lib/gcc/arm-none-eabi/13.3.1/../../../../arm-none-eabi/lib/thumb/v6-m/nofp\libm.a(libm_a-sf_cos.o)
 .ARM.attributes
                0x00000383       0x2c C:/ST/STM32CubeIDE_1.18.0/STM32CubeIDE/plugins/com.st.stm32cube.ide.mcu.externaltools.gnu-tools-for-stm32.13.3.rel1.win32_1.0.0.202411081344/tools/bin/../lib/gcc/arm-none-eabi/13.3.1/../../../../arm-none-eabi/lib/thumb/v6-m/nofp\libm.a(libm_a-sf_sin.o)
 .ARM.attributes
                0x000003af       0x2c C:/ST/STM32CubeIDE_1.18.0/STM32CubeIDE/plugins/com.st.stm32cube.ide.mcu.externaltools.gnu-tools-for-stm32.13.3.rel1.win32_1.0.0.202411081344/tools/bin/../lib/gcc/arm-none-eabi/13.3.1/../../../../arm-none-eabi/lib/thumb/v6-m/nofp\libm.a(libm_a-ef_sqrt.o)
 .ARM.attributes
                0x000003db       0x2c C:/ST/STM32CubeIDE_1.18.0/STM32CubeIDE/plugins/com.st.stm32cube.ide.mcu.externaltools.gnu-tools-for-stm32.13.3.rel1.win32_1.0.0.202411081344/tools/bin/../lib/gcc/arm-none-eabi/13.3.1/../../../../arm-none-eabi/lib/thumb/v6-m/nofp\libm.a(libm_a-kf_cos.o)
 .ARM.attributes
                0x00000407       0x2c C:/ST/STM32CubeIDE_1.18.0/STM32CubeIDE/plugins/com.st.stm32cube.ide.mcu.externaltools.gnu-tools-for-stm32.13.3.rel1.win32_1.0.0.202411081344/tools/bin/../lib/gcc/arm-none-eabi/13.3.1/../../../../arm-none-eabi/lib/thumb/v6-m/nofp\libm.a(libm_a-kf_sin.o)
 .ARM.attributes
                0x00000433       0x2c C:/ST/STM32CubeIDE_1.18.0/STM32CubeIDE/plugins/com.st.stm32cube.ide.mcu.externaltools.gnu-tools-for-stm32.13.3.rel1.win32_1.0.0.202411081344/tools/bin/../lib/gcc/arm-none-eabi/13.3.1/../../../../arm-none-eabi/lib/thumb/v6-m/nofp\libm.a(libm_a-ef_atan2.o)
 .ARM.attributes
                0x0000045f       0x2c C:/ST/STM32CubeIDE_1.18.0/STM32CubeIDE/plugins/com.st.stm32cube.ide.mcu.externaltools.gnu-tools-for-stm32.13.3.rel1.win32_1.0.0.202411081344/tools/bin/../lib/gcc/arm-none-eabi/13.3.1/../../../../arm-none-eabi/lib/thumb/v6-m/nofp\libm.a(libm_a-ef_rem_pio2.o)
 .ARM.attributes
                0x0000048b       0x2c C:/ST/STM32CubeIDE_1.18.0/STM32CubeIDE/plugins/com.st.stm32cube.ide.mcu.externaltools.gnu-tools-for-stm32.13.3.rel1.win32_1.0.0.202411081344/tools/bin/../lib/gcc/arm-none-eabi/13.3.1/../../../../arm-none-eabi/lib/thumb/v6-m/nofp\libm.a(libm_a-sf_atan.o)
 .ARM.attributes
                0x000004b7       0x2c C:/ST/STM32CubeIDE_1.18.0/STM32CubeIDE/plugins/com.st.stm32cube.ide.mcu.externaltools.gnu-tools-for-stm32.13.3.rel1.win32_1.0.0.202411081344/tools/bin/../lib/gcc/arm-none-eabi/13.3.1/../../../../arm-none-eabi/lib/thumb/v6-m/nofp\libm.a(libm_a-sf_fabs.o)
 .ARM.attributes
                0x000004e3       0x2c C:/ST/STM32CubeIDE_1.18.0/STM32CubeIDE/plugins/com.st.stm32cube.ide.mcu.externaltools.gnu-tools-for-stm32.13.3.rel1.win32_1.0.0.202411081344/tools/bin/../lib/gcc/arm-none-eabi/13.3.1/../../../../arm-none-eabi/lib/thumb/v6-m/nofp\libm.a(libm_a-kf_rem_pio2.o)
 .ARM.attributes
                0x0000050f       0x2c C:/ST/STM32CubeIDE_1.18.0/STM32CubeIDE/plugins/com.st.stm32cube.ide.mcu.externaltools.gnu-tools-for-stm32.13.3.rel1.win32_1.0.0.202411081344/tools/bin/../lib/gcc/arm-none-eabi/13.3.1/../../../../arm-none-eabi/lib/thumb/v6-m/nofp\libm.a(libm_a-sf_scalbn.o)
 .ARM.attributes
                0x0000053b       0x2c C:/ST/STM32CubeIDE_1.18.0/STM32CubeIDE/plugins/com.st.stm32cube.ide.mcu.externaltools.gnu-tools-for-stm32.13.3.rel1.win32_1.0.0.202411081344/tools/bin/../lib/gcc/arm-none-eabi/13.3.1/../../../../arm-none-eabi/lib/thumb/v6-m/nofp\libm.a(libm_a-sf_floor.o)
 .ARM.attributes
                0x00000567       0x1e C:/ST/STM32CubeIDE_1.18.0/STM32CubeIDE/plugins/com.st.stm32cube.ide.mcu.externaltools.gnu-tools-for-stm32.13.3.rel1.win32_1.0.0.202411081344/tools/bin/../lib/gcc/arm-none-eabi/13.3.1/thumb/v6-m/nofp\libgcc.a(_udivsi3.o)
 .ARM.attributes
                0x00000585       0x1e C:/ST/STM32CubeIDE_1.18.0/STM32CubeIDE/plugins/com.st.stm32cube.ide.mcu.externaltools.gnu-tools-for-stm32.13.3.rel1.win32_1.0.0.202411081344/tools/bin/../lib/gcc/arm-none-eabi/13.3.1/thumb/v6-m/nofp\libgcc.a(_divsi3.o)
 .ARM.attributes
                0x000005a3       0x1e C:/ST/STM32CubeIDE_1.18.0/STM32CubeIDE/plugins/com.st.stm32cube.ide.mcu.externaltools.gnu-tools-for-stm32.13.3.rel1.win32_1.0.0.202411081344/tools/bin/../lib/gcc/arm-none-eabi/13.3.1/thumb/v6-m/nofp\libgcc.a(_dvmd_tls.o)
 .ARM.attributes
                0x000005c1       0x1e C:/ST/STM32CubeIDE_1.18.0/STM32CubeIDE/plugins/com.st.stm32cube.ide.mcu.externaltools.gnu-tools-for-stm32.13.3.rel1.win32_1.0.0.202411081344/tools/bin/../lib/gcc/arm-none-eabi/13.3.1/thumb/v6-m/nofp\libgcc.a(_arm_cmpsf2.o)
 .ARM.attributes
                0x000005df       0x2c C:/ST/STM32CubeIDE_1.18.0/STM32CubeIDE/plugins/com.st.stm32cube.ide.mcu.externaltools.gnu-tools-for-stm32.13.3.rel1.win32_1.0.0.202411081344/tools/bin/../lib/gcc/arm-none-eabi/13.3.1/thumb/v6-m/nofp\libgcc.a(_fixunssfsi.o)
 .ARM.attributes
                0x0000060b       0x2c C:/ST/STM32CubeIDE_1.18.0/STM32CubeIDE/plugins/com.st.stm32cube.ide.mcu.externaltools.gnu-tools-for-stm32.13.3.rel1.win32_1.0.0.202411081344/tools/bin/../lib/gcc/arm-none-eabi/13.3.1/thumb/v6-m/nofp\libgcc.a(addsf3.o)
 .ARM.attributes
                0x00000637       0x2c C:/ST/STM32CubeIDE_1.18.0/STM32CubeIDE/plugins/com.st.stm32cube.ide.mcu.externaltools.gnu-tools-for-stm32.13.3.rel1.win32_1.0.0.202411081344/tools/bin/../lib/gcc/arm-none-eabi/13.3.1/thumb/v6-m/nofp\libgcc.a(divsf3.o)
 .ARM.attributes
                0x00000663       0x2c C:/ST/STM32CubeIDE_1.18.0/STM32CubeIDE/plugins/com.st.stm32cube.ide.mcu.externaltools.gnu-tools-for-stm32.13.3.rel1.win32_1.0.0.202411081344/tools/bin/../lib/gcc/arm-none-eabi/13.3.1/thumb/v6-m/nofp\libgcc.a(eqsf2.o)
 .ARM.attributes
                0x0000068f       0x2c C:/ST/STM32CubeIDE_1.18.0/STM32CubeIDE/plugins/com.st.stm32cube.ide.mcu.externaltools.gnu-tools-for-stm32.13.3.rel1.win32_1.0.0.202411081344/tools/bin/../lib/gcc/arm-none-eabi/13.3.1/thumb/v6-m/nofp\libgcc.a(gesf2.o)
 .ARM.attributes
                0x000006bb       0x2c C:/ST/STM32CubeIDE_1.18.0/STM32CubeIDE/plugins/com.st.stm32cube.ide.mcu.externaltools.gnu-tools-for-stm32.13.3.rel1.win32_1.0.0.202411081344/tools/bin/../lib/gcc/arm-none-eabi/13.3.1/thumb/v6-m/nofp\libgcc.a(lesf2.o)
 .ARM.attributes
                0x000006e7       0x2c C:/ST/STM32CubeIDE_1.18.0/STM32CubeIDE/plugins/com.st.stm32cube.ide.mcu.externaltools.gnu-tools-for-stm32.13.3.rel1.win32_1.0.0.202411081344/tools/bin/../lib/gcc/arm-none-eabi/13.3.1/thumb/v6-m/nofp\libgcc.a(mulsf3.o)
 .ARM.attributes
                0x00000713       0x2c C:/ST/STM32CubeIDE_1.18.0/STM32CubeIDE/plugins/com.st.stm32cube.ide.mcu.externaltools.gnu-tools-for-stm32.13.3.rel1.win32_1.0.0.202411081344/tools/bin/../lib/gcc/arm-none-eabi/13.3.1/thumb/v6-m/nofp\libgcc.a(subsf3.o)
 .ARM.attributes
                0x0000073f       0x2c C:/ST/STM32CubeIDE_1.18.0/STM32CubeIDE/plugins/com.st.stm32cube.ide.mcu.externaltools.gnu-tools-for-stm32.13.3.rel1.win32_1.0.0.202411081344/tools/bin/../lib/gcc/arm-none-eabi/13.3.1/thumb/v6-m/nofp\libgcc.a(unordsf2.o)
 .ARM.attributes
                0x0000076b       0x2c C:/ST/STM32CubeIDE_1.18.0/STM32CubeIDE/plugins/com.st.stm32cube.ide.mcu.externaltools.gnu-tools-for-stm32.13.3.rel1.win32_1.0.0.202411081344/tools/bin/../lib/gcc/arm-none-eabi/13.3.1/thumb/v6-m/nofp\libgcc.a(fixsfsi.o)
 .ARM.attributes
                0x00000797       0x2c C:/ST/STM32CubeIDE_1.18.0/STM32CubeIDE/plugins/com.st.stm32cube.ide.mcu.externaltools.gnu-tools-for-stm32.13.3.rel1.win32_1.0.0.202411081344/tools/bin/../lib/gcc/arm-none-eabi/13.3.1/thumb/v6-m/nofp\libgcc.a(floatsisf.o)
 .ARM.attributes
                0x000007c3       0x2c C:/ST/STM32CubeIDE_1.18.0/STM32CubeIDE/plugins/com.st.stm32cube.ide.mcu.externaltools.gnu-tools-for-stm32.13.3.rel1.win32_1.0.0.202411081344/tools/bin/../lib/gcc/arm-none-eabi/13.3.1/thumb/v6-m/nofp\libgcc.a(floatunsisf.o)
 .ARM.attributes
                0x000007ef       0x1e C:/ST/STM32CubeIDE_1.18.0/STM32CubeIDE/plugins/com.st.stm32cube.ide.mcu.externaltools.gnu-tools-for-stm32.13.3.rel1.win32_1.0.0.202411081344/tools/bin/../lib/gcc/arm-none-eabi/13.3.1/thumb/v6-m/nofp\libgcc.a(_clzsi2.o)
 .ARM.attributes
                0x0000080d       0x1e C:/ST/STM32CubeIDE_1.18.0/STM32CubeIDE/plugins/com.st.stm32cube.ide.mcu.externaltools.gnu-tools-for-stm32.13.3.rel1.win32_1.0.0.202411081344/tools/bin/../lib/gcc/arm-none-eabi/13.3.1/thumb/v6-m/nofp/crtn.o
OUTPUT(AGV_AMR.elf elf32-littlearm)
LOAD linker stubs
LOAD C:/ST/STM32CubeIDE_1.18.0/STM32CubeIDE/plugins/com.st.stm32cube.ide.mcu.externaltools.gnu-tools-for-stm32.13.3.rel1.win32_1.0.0.202411081344/tools/bin/../lib/gcc/arm-none-eabi/13.3.1/../../../../arm-none-eabi/lib/thumb/v6-m/nofp\libc.a
LOAD C:/ST/STM32CubeIDE_1.18.0/STM32CubeIDE/plugins/com.st.stm32cube.ide.mcu.externaltools.gnu-tools-for-stm32.13.3.rel1.win32_1.0.0.202411081344/tools/bin/../lib/gcc/arm-none-eabi/13.3.1/../../../../arm-none-eabi/lib/thumb/v6-m/nofp\libm.a
LOAD C:/ST/STM32CubeIDE_1.18.0/STM32CubeIDE/plugins/com.st.stm32cube.ide.mcu.externaltools.gnu-tools-for-stm32.13.3.rel1.win32_1.0.0.202411081344/tools/bin/../lib/gcc/arm-none-eabi/13.3.1/thumb/v6-m/nofp\libgcc.a

.debug_info     0x00000000     0x4aae
 .debug_info    0x00000000      0x7a3 ./Src/amr_mode.o
 .debug_info    0x000007a3      0x7eb ./Src/bluetooth.o
 .debug_info    0x00000f8e      0x676 ./Src/encoders.o
 .debug_info    0x00001604      0x7a1 ./Src/esp32_com.o
 .debug_info    0x00001da5      0x94d ./Src/i2c_color_imu.o
 .debug_info    0x000026f2      0x5af ./Src/line_follow.o
 .debug_info    0x00002ca1      0xb18 ./Src/main.o
 .debug_info    0x000037b9      0x326 ./Src/motor_pwm.o
 .debug_info    0x00003adf      0x236 ./Src/odometry.o
 .debug_info    0x00003d15      0x472 ./Src/pid_diff_drive.o
 .debug_info    0x00004187      0x8f7 ./Src/ultrasonic.o
 .debug_info    0x00004a7e       0x30 ./Startup/startup_stm32f051r8tx.o

.debug_abbrev   0x00000000     0x1330
 .debug_abbrev  0x00000000      0x1e7 ./Src/amr_mode.o
 .debug_abbrev  0x000001e7      0x1e0 ./Src/bluetooth.o
 .debug_abbrev  0x000003c7      0x209 ./Src/encoders.o
 .debug_abbrev  0x000005d0      0x1f4 ./Src/esp32_com.o
 .debug_abbrev  0x000007c4      0x22a ./Src/i2c_color_imu.o
 .debug_abbrev  0x000009ee      0x1a8 ./Src/line_follow.o
 .debug_abbrev  0x00000b96      0x290 ./Src/main.o
 .debug_abbrev  0x00000e26       0xb5 ./Src/motor_pwm.o
 .debug_abbrev  0x00000edb       0xf4 ./Src/odometry.o
 .debug_abbrev  0x00000fcf      0x119 ./Src/pid_diff_drive.o
 .debug_abbrev  0x000010e8      0x224 ./Src/ultrasonic.o
 .debug_abbrev  0x0000130c       0x24 ./Startup/startup_stm32f051r8tx.o

.debug_aranges  0x00000000      0x380
 .debug_aranges
                0x00000000       0x88 ./Src/amr_mode.o
 .debug_aranges
                0x00000088       0x40 ./Src/bluetooth.o
 .debug_aranges
                0x000000c8       0x38 ./Src/encoders.o
 .debug_aranges
                0x00000100       0x48 ./Src/esp32_com.o
 .debug_aranges
                0x00000148       0x70 ./Src/i2c_color_imu.o
 .debug_aranges
                0x000001b8       0x50 ./Src/line_follow.o
 .debug_aranges
                0x00000208       0x88 ./Src/main.o
 .debug_aranges
                0x00000290       0x20 ./Src/motor_pwm.o
 .debug_aranges
                0x000002b0       0x30 ./Src/odometry.o
 .debug_aranges
                0x000002e0       0x28 ./Src/pid_diff_drive.o
 .debug_aranges
                0x00000308       0x50 ./Src/ultrasonic.o
 .debug_aranges
                0x00000358       0x28 ./Startup/startup_stm32f051r8tx.o

.debug_rnglists
                0x00000000      0x287
 .debug_rnglists
                0x00000000       0x62 ./Src/amr_mode.o
 .debug_rnglists
                0x00000062       0x2e ./Src/bluetooth.o
 .debug_rnglists
                0x00000090       0x28 ./Src/encoders.o
 .debug_rnglists
                0x000000b8       0x33 ./Src/esp32_com.o
 .debug_rnglists
                0x000000eb       0x56 ./Src/i2c_color_imu.o
 .debug_rnglists
                0x00000141       0x3b ./Src/line_follow.o
 .debug_rnglists
                0x0000017c       0x68 ./Src/main.o
 .debug_rnglists
                0x000001e4       0x14 ./Src/motor_pwm.o
 .debug_rnglists
                0x000001f8       0x20 ./Src/odometry.o
 .debug_rnglists
                0x00000218       0x1b ./Src/pid_diff_drive.o
 .debug_rnglists
                0x00000233       0x3b ./Src/ultrasonic.o
 .debug_rnglists
                0x0000026e       0x19 ./Startup/startup_stm32f051r8tx.o

.debug_macro    0x00000000     0xc386
 .debug_macro   0x00000000      0x279 ./Src/amr_mode.o
 .debug_macro   0x00000279      0xab4 ./Src/amr_mode.o
 .debug_macro   0x00000d2d       0x22 ./Src/amr_mode.o
 .debug_macro   0x00000d4f       0x8e ./Src/amr_mode.o
 .debug_macro   0x00000ddd       0x51 ./Src/amr_mode.o
 .debug_macro   0x00000e2e      0x103 ./Src/amr_mode.o
 .debug_macro   0x00000f31       0x6a ./Src/amr_mode.o
 .debug_macro   0x00000f9b      0x1df ./Src/amr_mode.o
 .debug_macro   0x0000117a       0x22 ./Src/amr_mode.o
 .debug_macro   0x0000119c       0x1c ./Src/amr_mode.o
 .debug_macro   0x000011b8       0x22 ./Src/amr_mode.o
 .debug_macro   0x000011da       0xaf ./Src/amr_mode.o
 .debug_macro   0x00001289      0x391 ./Src/amr_mode.o
 .debug_macro   0x0000161a     0x8d00 ./Src/amr_mode.o
 .debug_macro   0x0000a31a       0x24 ./Src/amr_mode.o
 .debug_macro   0x0000a33e       0x61 ./Src/amr_mode.o
 .debug_macro   0x0000a39f       0x43 ./Src/amr_mode.o
 .debug_macro   0x0000a3e2       0x34 ./Src/amr_mode.o
 .debug_macro   0x0000a416       0x16 ./Src/amr_mode.o
 .debug_macro   0x0000a42c      0x11c ./Src/amr_mode.o
 .debug_macro   0x0000a548       0x9b ./Src/amr_mode.o
 .debug_macro   0x0000a5e3      0x370 ./Src/amr_mode.o
 .debug_macro   0x0000a953       0x16 ./Src/amr_mode.o
 .debug_macro   0x0000a969       0x4a ./Src/amr_mode.o
 .debug_macro   0x0000a9b3       0x34 ./Src/amr_mode.o
 .debug_macro   0x0000a9e7       0x10 ./Src/amr_mode.o
 .debug_macro   0x0000a9f7       0x58 ./Src/amr_mode.o
 .debug_macro   0x0000aa4f       0x8e ./Src/amr_mode.o
 .debug_macro   0x0000aadd       0x1c ./Src/amr_mode.o
 .debug_macro   0x0000aaf9      0x185 ./Src/amr_mode.o
 .debug_macro   0x0000ac7e       0x16 ./Src/amr_mode.o
 .debug_macro   0x0000ac94       0x29 ./Src/amr_mode.o
 .debug_macro   0x0000acbd      0x19b ./Src/amr_mode.o
 .debug_macro   0x0000ae58       0x22 ./Src/amr_mode.o
 .debug_macro   0x0000ae7a       0x16 ./Src/amr_mode.o
 .debug_macro   0x0000ae90       0x3c ./Src/amr_mode.o
 .debug_macro   0x0000aecc       0x20 ./Src/amr_mode.o
 .debug_macro   0x0000aeec       0x1c ./Src/amr_mode.o
 .debug_macro   0x0000af08       0x10 ./Src/amr_mode.o
 .debug_macro   0x0000af18       0x1c ./Src/amr_mode.o
 .debug_macro   0x0000af34       0x16 ./Src/amr_mode.o
 .debug_macro   0x0000af4a      0x146 ./Src/amr_mode.o
 .debug_macro   0x0000b090       0x10 ./Src/amr_mode.o
 .debug_macro   0x0000b0a0       0x22 ./Src/amr_mode.o
 .debug_macro   0x0000b0c2       0x22 ./Src/amr_mode.o
 .debug_macro   0x0000b0e4       0x10 ./Src/amr_mode.o
 .debug_macro   0x0000b0f4       0x10 ./Src/amr_mode.o
 .debug_macro   0x0000b104      0x1b1 ./Src/bluetooth.o
 .debug_macro   0x0000b2b5      0x1ae ./Src/encoders.o
 .debug_macro   0x0000b463      0x1a8 ./Src/esp32_com.o
 .debug_macro   0x0000b60b      0x1fb ./Src/i2c_color_imu.o
 .debug_macro   0x0000b806      0x1ea ./Src/line_follow.o
 .debug_macro   0x0000b9f0      0x28f ./Src/main.o
 .debug_macro   0x0000bc7f       0x1c ./Src/main.o
 .debug_macro   0x0000bc9b      0x1a7 ./Src/motor_pwm.o
 .debug_macro   0x0000be42      0x1d2 ./Src/odometry.o
 .debug_macro   0x0000c014      0x1ba ./Src/pid_diff_drive.o
 .debug_macro   0x0000c1ce      0x1b8 ./Src/ultrasonic.o

.debug_line     0x00000000     0x624f
 .debug_line    0x00000000      0xbd0 ./Src/amr_mode.o
 .debug_line    0x00000bd0      0x786 ./Src/bluetooth.o
 .debug_line    0x00001356      0x72f ./Src/encoders.o
 .debug_line    0x00001a85      0x7af ./Src/esp32_com.o
 .debug_line    0x00002234      0xb34 ./Src/i2c_color_imu.o
 .debug_line    0x00002d68      0x9c2 ./Src/line_follow.o
 .debug_line    0x0000372a      0xb83 ./Src/main.o
 .debug_line    0x000042ad      0x699 ./Src/motor_pwm.o
 .debug_line    0x00004946      0x6e5 ./Src/odometry.o
 .debug_line    0x0000502b      0x78b ./Src/pid_diff_drive.o
 .debug_line    0x000057b6      0xa1e ./Src/ultrasonic.o
 .debug_line    0x000061d4       0x7b ./Startup/startup_stm32f051r8tx.o

.debug_str      0x00000000    0x3bd7c
 .debug_str     0x00000000    0x3bd7c ./Src/amr_mode.o
                              0x3b050 (size before relaxing)
 .debug_str     0x0003bd7c    0x3a94e ./Src/bluetooth.o
 .debug_str     0x0003bd7c    0x3a8d6 ./Src/encoders.o
 .debug_str     0x0003bd7c    0x3a8a1 ./Src/esp32_com.o
 .debug_str     0x0003bd7c    0x3a996 ./Src/i2c_color_imu.o
 .debug_str     0x0003bd7c    0x3a909 ./Src/line_follow.o
 .debug_str     0x0003bd7c    0x3b49f ./Src/main.o
 .debug_str     0x0003bd7c    0x3a628 ./Src/motor_pwm.o
 .debug_str     0x0003bd7c    0x3a6ee ./Src/odometry.o
 .debug_str     0x0003bd7c    0x3a769 ./Src/pid_diff_drive.o
 .debug_str     0x0003bd7c    0x3a914 ./Src/ultrasonic.o
 .debug_str     0x0003bd7c       0x79 ./Startup/startup_stm32f051r8tx.o

.comment        0x00000000       0x43
 .comment       0x00000000       0x43 ./Src/amr_mode.o
                                 0x44 (size before relaxing)
 .comment       0x00000043       0x44 ./Src/bluetooth.o
 .comment       0x00000043       0x44 ./Src/encoders.o
 .comment       0x00000043       0x44 ./Src/esp32_com.o
 .comment       0x00000043       0x44 ./Src/i2c_color_imu.o
 .comment       0x00000043       0x44 ./Src/line_follow.o
 .comment       0x00000043       0x44 ./Src/main.o
 .comment       0x00000043       0x44 ./Src/motor_pwm.o
 .comment       0x00000043       0x44 ./Src/odometry.o
 .comment       0x00000043       0x44 ./Src/pid_diff_drive.o
 .comment       0x00000043       0x44 ./Src/ultrasonic.o

.debug_frame    0x00000000      0xff0
 .debug_frame   0x00000000      0x1c0 ./Src/amr_mode.o
 .debug_frame   0x000001c0       0xac ./Src/bluetooth.o
 .debug_frame   0x0000026c       0x8c ./Src/encoders.o
 .debug_frame   0x000002f8       0xcc ./Src/esp32_com.o
 .debug_frame   0x000003c4      0x164 ./Src/i2c_color_imu.o
 .debug_frame   0x00000528       0xe4 ./Src/line_follow.o
 .debug_frame   0x0000060c      0x1a8 ./Src/main.o
 .debug_frame   0x000007b4       0x2c ./Src/motor_pwm.o
 .debug_frame   0x000007e0       0x68 ./Src/odometry.o
 .debug_frame   0x00000848       0x50 ./Src/pid_diff_drive.o
 .debug_frame   0x00000898       0xe4 ./Src/ultrasonic.o
 .debug_frame   0x0000097c      0x138 C:/ST/STM32CubeIDE_1.18.0/STM32CubeIDE/plugins/com.st.stm32cube.ide.mcu.externaltools.gnu-tools-for-stm32.13.3.rel1.win32_1.0.0.202411081344/tools/bin/../lib/gcc/arm-none-eabi/13.3.1/../../../../arm-none-eabi/lib/thumb/v6-m/nofp\libc_nano.a(libc_a-findfp.o)
 .debug_frame   0x00000ab4       0x20 C:/ST/STM32CubeIDE_1.18.0/STM32CubeIDE/plugins/com.st.stm32cube.ide.mcu.externaltools.gnu-tools-for-stm32.13.3.rel1.win32_1.0.0.202411081344/tools/bin/../lib/gcc/arm-none-eabi/13.3.1/../../../../arm-none-eabi/lib/thumb/v6-m/nofp\libc_nano.a(libc_a-errno.o)
 .debug_frame   0x00000ad4       0x2c C:/ST/STM32CubeIDE_1.18.0/STM32CubeIDE/plugins/com.st.stm32cube.ide.mcu.externaltools.gnu-tools-for-stm32.13.3.rel1.win32_1.0.0.202411081344/tools/bin/../lib/gcc/arm-none-eabi/13.3.1/../../../../arm-none-eabi/lib/thumb/v6-m/nofp\libc_nano.a(libc_a-init.o)
 .debug_frame   0x00000b00       0x28 C:/ST/STM32CubeIDE_1.18.0/STM32CubeIDE/plugins/com.st.stm32cube.ide.mcu.externaltools.gnu-tools-for-stm32.13.3.rel1.win32_1.0.0.202411081344/tools/bin/../lib/gcc/arm-none-eabi/13.3.1/../../../../arm-none-eabi/lib/thumb/v6-m/nofp\libm.a(libm_a-wf_atan2.o)
 .debug_frame   0x00000b28       0x2c C:/ST/STM32CubeIDE_1.18.0/STM32CubeIDE/plugins/com.st.stm32cube.ide.mcu.externaltools.gnu-tools-for-stm32.13.3.rel1.win32_1.0.0.202411081344/tools/bin/../lib/gcc/arm-none-eabi/13.3.1/../../../../arm-none-eabi/lib/thumb/v6-m/nofp\libm.a(libm_a-wf_sqrt.o)
 .debug_frame   0x00000b54       0x2c C:/ST/STM32CubeIDE_1.18.0/STM32CubeIDE/plugins/com.st.stm32cube.ide.mcu.externaltools.gnu-tools-for-stm32.13.3.rel1.win32_1.0.0.202411081344/tools/bin/../lib/gcc/arm-none-eabi/13.3.1/../../../../arm-none-eabi/lib/thumb/v6-m/nofp\libm.a(libm_a-sf_cos.o)
 .debug_frame   0x00000b80       0x2c C:/ST/STM32CubeIDE_1.18.0/STM32CubeIDE/plugins/com.st.stm32cube.ide.mcu.externaltools.gnu-tools-for-stm32.13.3.rel1.win32_1.0.0.202411081344/tools/bin/../lib/gcc/arm-none-eabi/13.3.1/../../../../arm-none-eabi/lib/thumb/v6-m/nofp\libm.a(libm_a-sf_sin.o)
 .debug_frame   0x00000bac       0x34 C:/ST/STM32CubeIDE_1.18.0/STM32CubeIDE/plugins/com.st.stm32cube.ide.mcu.externaltools.gnu-tools-for-stm32.13.3.rel1.win32_1.0.0.202411081344/tools/bin/../lib/gcc/arm-none-eabi/13.3.1/../../../../arm-none-eabi/lib/thumb/v6-m/nofp\libm.a(libm_a-ef_sqrt.o)
 .debug_frame   0x00000be0       0x34 C:/ST/STM32CubeIDE_1.18.0/STM32CubeIDE/plugins/com.st.stm32cube.ide.mcu.externaltools.gnu-tools-for-stm32.13.3.rel1.win32_1.0.0.202411081344/tools/bin/../lib/gcc/arm-none-eabi/13.3.1/../../../../arm-none-eabi/lib/thumb/v6-m/nofp\libm.a(libm_a-kf_cos.o)
 .debug_frame   0x00000c14       0x34 C:/ST/STM32CubeIDE_1.18.0/STM32CubeIDE/plugins/com.st.stm32cube.ide.mcu.externaltools.gnu-tools-for-stm32.13.3.rel1.win32_1.0.0.202411081344/tools/bin/../lib/gcc/arm-none-eabi/13.3.1/../../../../arm-none-eabi/lib/thumb/v6-m/nofp\libm.a(libm_a-kf_sin.o)
 .debug_frame   0x00000c48       0x34 C:/ST/STM32CubeIDE_1.18.0/STM32CubeIDE/plugins/com.st.stm32cube.ide.mcu.externaltools.gnu-tools-for-stm32.13.3.rel1.win32_1.0.0.202411081344/tools/bin/../lib/gcc/arm-none-eabi/13.3.1/../../../../arm-none-eabi/lib/thumb/v6-m/nofp\libm.a(libm_a-ef_atan2.o)
 .debug_frame   0x00000c7c       0x30 C:/ST/STM32CubeIDE_1.18.0/STM32CubeIDE/plugins/com.st.stm32cube.ide.mcu.externaltools.gnu-tools-for-stm32.13.3.rel1.win32_1.0.0.202411081344/tools/bin/../lib/gcc/arm-none-eabi/13.3.1/../../../../arm-none-eabi/lib/thumb/v6-m/nofp\libm.a(libm_a-ef_rem_pio2.o)
 .debug_frame   0x00000cac       0x34 C:/ST/STM32CubeIDE_1.18.0/STM32CubeIDE/plugins/com.st.stm32cube.ide.mcu.externaltools.gnu-tools-for-stm32.13.3.rel1.win32_1.0.0.202411081344/tools/bin/../lib/gcc/arm-none-eabi/13.3.1/../../../../arm-none-eabi/lib/thumb/v6-m/nofp\libm.a(libm_a-sf_atan.o)
 .debug_frame   0x00000ce0       0x20 C:/ST/STM32CubeIDE_1.18.0/STM32CubeIDE/plugins/com.st.stm32cube.ide.mcu.externaltools.gnu-tools-for-stm32.13.3.rel1.win32_1.0.0.202411081344/tools/bin/../lib/gcc/arm-none-eabi/13.3.1/../../../../arm-none-eabi/lib/thumb/v6-m/nofp\libm.a(libm_a-sf_fabs.o)
 .debug_frame   0x00000d00       0x34 C:/ST/STM32CubeIDE_1.18.0/STM32CubeIDE/plugins/com.st.stm32cube.ide.mcu.externaltools.gnu-tools-for-stm32.13.3.rel1.win32_1.0.0.202411081344/tools/bin/../lib/gcc/arm-none-eabi/13.3.1/../../../../arm-none-eabi/lib/thumb/v6-m/nofp\libm.a(libm_a-kf_rem_pio2.o)
 .debug_frame   0x00000d34       0x2c C:/ST/STM32CubeIDE_1.18.0/STM32CubeIDE/plugins/com.st.stm32cube.ide.mcu.externaltools.gnu-tools-for-stm32.13.3.rel1.win32_1.0.0.202411081344/tools/bin/../lib/gcc/arm-none-eabi/13.3.1/../../../../arm-none-eabi/lib/thumb/v6-m/nofp\libm.a(libm_a-sf_scalbn.o)
 .debug_frame   0x00000d60       0x30 C:/ST/STM32CubeIDE_1.18.0/STM32CubeIDE/plugins/com.st.stm32cube.ide.mcu.externaltools.gnu-tools-for-stm32.13.3.rel1.win32_1.0.0.202411081344/tools/bin/../lib/gcc/arm-none-eabi/13.3.1/../../../../arm-none-eabi/lib/thumb/v6-m/nofp\libm.a(libm_a-sf_floor.o)
 .debug_frame   0x00000d90       0x20 C:/ST/STM32CubeIDE_1.18.0/STM32CubeIDE/plugins/com.st.stm32cube.ide.mcu.externaltools.gnu-tools-for-stm32.13.3.rel1.win32_1.0.0.202411081344/tools/bin/../lib/gcc/arm-none-eabi/13.3.1/thumb/v6-m/nofp\libgcc.a(_udivsi3.o)
 .debug_frame   0x00000db0       0x20 C:/ST/STM32CubeIDE_1.18.0/STM32CubeIDE/plugins/com.st.stm32cube.ide.mcu.externaltools.gnu-tools-for-stm32.13.3.rel1.win32_1.0.0.202411081344/tools/bin/../lib/gcc/arm-none-eabi/13.3.1/thumb/v6-m/nofp\libgcc.a(_divsi3.o)
 .debug_frame   0x00000dd0       0x28 C:/ST/STM32CubeIDE_1.18.0/STM32CubeIDE/plugins/com.st.stm32cube.ide.mcu.externaltools.gnu-tools-for-stm32.13.3.rel1.win32_1.0.0.202411081344/tools/bin/../lib/gcc/arm-none-eabi/13.3.1/thumb/v6-m/nofp\libgcc.a(_fixunssfsi.o)
 .debug_frame   0x00000df8       0x38 C:/ST/STM32CubeIDE_1.18.0/STM32CubeIDE/plugins/com.st.stm32cube.ide.mcu.externaltools.gnu-tools-for-stm32.13.3.rel1.win32_1.0.0.202411081344/tools/bin/../lib/gcc/arm-none-eabi/13.3.1/thumb/v6-m/nofp\libgcc.a(addsf3.o)
 .debug_frame   0x00000e30       0x38 C:/ST/STM32CubeIDE_1.18.0/STM32CubeIDE/plugins/com.st.stm32cube.ide.mcu.externaltools.gnu-tools-for-stm32.13.3.rel1.win32_1.0.0.202411081344/tools/bin/../lib/gcc/arm-none-eabi/13.3.1/thumb/v6-m/nofp\libgcc.a(divsf3.o)
 .debug_frame   0x00000e68       0x2c C:/ST/STM32CubeIDE_1.18.0/STM32CubeIDE/plugins/com.st.stm32cube.ide.mcu.externaltools.gnu-tools-for-stm32.13.3.rel1.win32_1.0.0.202411081344/tools/bin/../lib/gcc/arm-none-eabi/13.3.1/thumb/v6-m/nofp\libgcc.a(eqsf2.o)
 .debug_frame   0x00000e94       0x2c C:/ST/STM32CubeIDE_1.18.0/STM32CubeIDE/plugins/com.st.stm32cube.ide.mcu.externaltools.gnu-tools-for-stm32.13.3.rel1.win32_1.0.0.202411081344/tools/bin/../lib/gcc/arm-none-eabi/13.3.1/thumb/v6-m/nofp\libgcc.a(gesf2.o)
 .debug_frame   0x00000ec0       0x2c C:/ST/STM32CubeIDE_1.18.0/STM32CubeIDE/plugins/com.st.stm32cube.ide.mcu.externaltools.gnu-tools-for-stm32.13.3.rel1.win32_1.0.0.202411081344/tools/bin/../lib/gcc/arm-none-eabi/13.3.1/thumb/v6-m/nofp\libgcc.a(lesf2.o)
 .debug_frame   0x00000eec       0x38 C:/ST/STM32CubeIDE_1.18.0/STM32CubeIDE/plugins/com.st.stm32cube.ide.mcu.externaltools.gnu-tools-for-stm32.13.3.rel1.win32_1.0.0.202411081344/tools/bin/../lib/gcc/arm-none-eabi/13.3.1/thumb/v6-m/nofp\libgcc.a(mulsf3.o)
 .debug_frame   0x00000f24       0x38 C:/ST/STM32CubeIDE_1.18.0/STM32CubeIDE/plugins/com.st.stm32cube.ide.mcu.externaltools.gnu-tools-for-stm32.13.3.rel1.win32_1.0.0.202411081344/tools/bin/../lib/gcc/arm-none-eabi/13.3.1/thumb/v6-m/nofp\libgcc.a(subsf3.o)
 .debug_frame   0x00000f5c       0x20 C:/ST/STM32CubeIDE_1.18.0/STM32CubeIDE/plugins/com.st.stm32cube.ide.mcu.externaltools.gnu-tools-for-stm32.13.3.rel1.win32_1.0.0.202411081344/tools/bin/../lib/gcc/arm-none-eabi/13.3.1/thumb/v6-m/nofp\libgcc.a(unordsf2.o)
 .debug_frame   0x00000f7c       0x20 C:/ST/STM32CubeIDE_1.18.0/STM32CubeIDE/plugins/com.st.stm32cube.ide.mcu.externaltools.gnu-tools-for-stm32.13.3.rel1.win32_1.0.0.202411081344/tools/bin/../lib/gcc/arm-none-eabi/13.3.1/thumb/v6-m/nofp\libgcc.a(fixsfsi.o)
 .debug_frame   0x00000f9c       0x2c C:/ST/STM32CubeIDE_1.18.0/STM32CubeIDE/plugins/com.st.stm32cube.ide.mcu.externaltools.gnu-tools-for-stm32.13.3.rel1.win32_1.0.0.202411081344/tools/bin/../lib/gcc/arm-none-eabi/13.3.1/thumb/v6-m/nofp\libgcc.a(floatsisf.o)
 .debug_frame   0x00000fc8       0x28 C:/ST/STM32CubeIDE_1.18.0/STM32CubeIDE/plugins/com.st.stm32cube.ide.mcu.externaltools.gnu-tools-for-stm32.13.3.rel1.win32_1.0.0.202411081344/tools/bin/../lib/gcc/arm-none-eabi/13.3.1/thumb/v6-m/nofp\libgcc.a(floatunsisf.o)

.debug_line_str
                0x00000000       0x5d
 .debug_line_str
                0x00000000       0x5d ./Startup/startup_stm32f051r8tx.o
